BL51 BANKED LINKER/LOCATER V6.22.2.0                                                    10/13/2019  13:05:15  PAGE 1


BL51 BANKED LINKER/LOCATER V6.22.2.0, INVOKED BY:
D:\KEIL_V5\C51\BIN\BL51.EXE .\Objects\BLHeli.obj TO .\Objects\BLHeli PRINT (.\Listings\BLHeli.m51) RAMSIZE (256)


INPUT MODULES INCLUDED:
  .\Objects\BLHeli.obj (BLHELI)


LINK MAP OF MODULE:  .\Objects\BLHeli (BLHELI)


            TYPE    BASE      LENGTH    RELOCATION   SEGMENT NAME
            -----------------------------------------------------

            * * * * * * *   D A T A   M E M O R Y   * * * * * * *
            REG     0000H     0008H     ABSOLUTE     "REG BANK 0"
                    0008H     0018H                  *** GAP ***
            DATA    0020H     0010H     ABSOLUTE     
            DATA    0030H     004EH     ABSOLUTE     
                    007EH     0002H                  *** GAP ***
            IDATA   0080H     0028H     ABSOLUTE     
                    00A8H     0028H                  *** GAP ***
            IDATA   00D0H     0030H     ABSOLUTE     

            * * * * * * *   C O D E   M E M O R Y   * * * * * * *
            CODE    0000H     0003H     ABSOLUTE     
                    0003H     0008H                  *** GAP ***
            CODE    000BH     0002H     ABSOLUTE     
                    000DH     001EH                  *** GAP ***
            CODE    002BH     0002H     ABSOLUTE     
                    002DH     002EH                  *** GAP ***
            CODE    005BH     0002H     ABSOLUTE     
                    005DH     0016H                  *** GAP ***
            CODE    0073H     0002H     ABSOLUTE     
                    0075H     000BH                  *** GAP ***
            CODE    0080H     17FAH     ABSOLUTE     
                    187AH     0183H                  *** GAP ***
            CODE    19FDH     0003H     ABSOLUTE     
            CODE    1A00H     0029H     ABSOLUTE     
                    1A29H     0017H                  *** GAP ***
            CODE    1A40H     0010H     ABSOLUTE     
            CODE    1A50H     0010H     ABSOLUTE     
            CODE    1A60H     0010H     ABSOLUTE     
                    1A70H     0190H                  *** GAP ***
            CODE    1C00H     01F6H     ABSOLUTE     



SYMBOL TABLE OF MODULE:  .\Objects\BLHeli (BLHELI)

  VALUE           TYPE          NAME
  ----------------------------------

  -------         MODULE        BLHELI
  C:1C31H         SYMBOL        ABD
  B:00D0H.6       SYMBOL        AC
  D:00E0H         SYMBOL        ACC
  B:00C0H.1       SYMBOL        ACK0
BL51 BANKED LINKER/LOCATER V6.22.2.0                                                  10/13/2019  13:05:15  PAGE 2


  B:00C0H.3       SYMBOL        ACKRQ0
  N:0000H         SYMBOL        ACTIVE_PAGE
  B:00E8H.4       SYMBOL        AD0BUSY
  B:00E8H.7       SYMBOL        AD0EN
  B:00E8H.5       SYMBOL        AD0INT
  B:00E8H.3       SYMBOL        AD0WINT
  D:00B3H         SYMBOL        ADC0AC
  D:00BCH         SYMBOL        ADC0CF
  D:00E8H         SYMBOL        ADC0CN0
  D:00B2H         SYMBOL        ADC0CN1
  D:00C4H         SYMBOL        ADC0GTH
  D:00C3H         SYMBOL        ADC0GTL
  D:00BEH         SYMBOL        ADC0H
  D:00BDH         SYMBOL        ADC0L
  D:00C6H         SYMBOL        ADC0LTH
  D:00C5H         SYMBOL        ADC0LTL
  B:00E8H.0       SYMBOL        ADC0M0
  B:00E8H.1       SYMBOL        ADC0M1
  B:00E8H.2       SYMBOL        ADC0M2
  D:00BBH         SYMBOL        ADC0MX
  D:00DFH         SYMBOL        ADC0PWR
  D:00B9H         SYMBOL        ADC0TK
  D:0070H         SYMBOL        ADC_CONVERSION_CNT
  N:0006H         SYMBOL        ADC_IP
  N:0000H         SYMBOL        ADC_LIMIT_H
  N:0055H         SYMBOL        ADC_LIMIT_L
  C:0B8DH         SYMBOL        ADJUST_TIMING_TWO_STEPS
  C:0BF0H         SYMBOL        ADJUST_TIMING_TWO_STEPS_FAST
  N:0001H         SYMBOL        ANFET
  N:0000H         SYMBOL        APFET
  B:00C0H.2       SYMBOL        ARBLOST0
  C:12D6H         SYMBOL        ARMING_INITIAL_ARM_CHECK
  C:12DFH         SYMBOL        ARMING_PPM_CHECK
  C:12C9H         SYMBOL        ARMING_START
  C:13D3H         SYMBOL        ARM_END_BEEP
  C:13BEH         SYMBOL        ARM_TARGET_UPDATED
  D:0060H         SYMBOL        AUTO_BAILOUT_ARMED
  C:10F0H         SYMBOL        AVERAGE_THROTTLE
  C:110FH         SYMBOL        AVERAGE_THROTTLE_DIV
  C:1100H         SYMBOL        AVERAGE_THROTTLE_MEAS
  D:00F0H         SYMBOL        B
  D:0025H         SYMBOL        BAUDH
  D:0024H         SYMBOL        BAUDL
  N:FFE6H         SYMBOL        BAUDTIME
  C:0584H         SYMBOL        BEEP
  C:05B7H         SYMBOL        BEEP_ANFET_OFF
  C:05A7H         SYMBOL        BEEP_ANFET_ON
  C:05BCH         SYMBOL        BEEP_CNFET_OFF
  C:05ACH         SYMBOL        BEEP_CNFET_ON
  C:140EH         SYMBOL        BEEP_DELAY_SET
  C:056CH         SYMBOL        BEEP_F1
  C:0572H         SYMBOL        BEEP_F2
  C:0578H         SYMBOL        BEEP_F3
  C:057EH         SYMBOL        BEEP_F4
  C:1803H         SYMBOL        BEEP_NO_ENTRY
  C:05C5H         SYMBOL        BEEP_OFF
  C:058CH         SYMBOL        BEEP_ONOFF
BL51 BANKED LINKER/LOCATER V6.22.2.0                                                  10/13/2019  13:05:15  PAGE 3


  C:058AH         SYMBOL        BEEP_START
  D:0073H         SYMBOL        BEEP_STRENGTH
  N:00CDH         SYMBOL        BESCNO
  D:0020H         SYMBOL        BIT_ACCESS
  D:0021H         SYMBOL        BIT_ACCESS_INT
  D:0026H         SYMBOL        BIT_CNT
  D:0020H         SYMBOL        BIT_REG
  D:0029H         SYMBOL        BL_FLASH_KEY_1
  D:002AH         SYMBOL        BL_FLASH_KEY_2
  N:0003H         SYMBOL        BNFET
  C:11DFH         SYMBOL        BOOTLOADER_DONE
  N:4B00H         SYMBOL        BOOT_BAUDRATE
  N:1E10H         SYMBOL        BOOT_DELAY
  C:1DF2H         SYMBOL        BOOT_INFO
  C:1DEEH         SYMBOL        BOOT_MSG
  N:0001H         SYMBOL        BOOT_PAGES
  C:1DE8H         SYMBOL        BOOT_SIGN
  N:1C00H         SYMBOL        BOOT_START
  N:0006H         SYMBOL        BOOT_VERSION
  N:0002H         SYMBOL        BPFET
  B:00E8H.6       SYMBOL        BURSTEN
  D:0028H         SYMBOL        BYTE_CNTH
  D:0027H         SYMBOL        BYTE_CNTL
  D:0021H         SYMBOL        BYTE_REG
  C:07E6H         SYMBOL        CALC_GOVERNOR_INT_CORRECTION
  C:083AH         SYMBOL        CALC_GOVERNOR_INT_CORR_EXIT
  C:0733H         SYMBOL        CALC_GOVERNOR_INT_ERROR
  C:078BH         SYMBOL        CALC_GOVERNOR_INT_ERROR_EXIT
  C:078CH         SYMBOL        CALC_GOVERNOR_PROP_CORRECTION
  C:07E5H         SYMBOL        CALC_GOVERNOR_PROP_CORR_EXIT
  C:06FAH         SYMBOL        CALC_GOVERNOR_PROP_ERROR
  C:0732H         SYMBOL        CALC_GOVERNOR_PROP_ERROR_EXIT
  C:06F5H         SYMBOL        CALC_GOVERNOR_STORE_TARGET
  C:06EDH         SYMBOL        CALC_GOVERNOR_SUBTRACT_025
  C:065EH         SYMBOL        CALC_GOVERNOR_TARGET
  C:06F9H         SYMBOL        CALC_GOVERNOR_TARGET_EXIT
  C:06DAH         SYMBOL        CALC_GOVERNOR_TARGET_LOW
  C:06C2H         SYMBOL        CALC_GOVERNOR_TARGET_MIDDLE
  C:0AD2H         SYMBOL        CALC_NEW_WAIT_PER_DEMAG_DONE
  C:0AB6H         SYMBOL        CALC_NEW_WAIT_PER_STARTUP_DONE
  C:0B5CH         SYMBOL        CALC_NEW_WAIT_TIMES
  C:0AFEH         SYMBOL        CALC_NEW_WAIT_TIMES_EXIT
  C:0BD7H         SYMBOL        CALC_NEW_WAIT_TIMES_FAST
  C:0B48H         SYMBOL        CALC_NEW_WAIT_TIMES_FAST_DONE
  C:0AA7H         SYMBOL        CALC_NEW_WAIT_TIMES_SETUP
  C:0A79H         SYMBOL        CALC_NEXT_COMM_AVG_PERIOD_DIV
  C:0A8CH         SYMBOL        CALC_NEXT_COMM_NEW_PERIOD_DIV
  C:0A95H         SYMBOL        CALC_NEXT_COMM_NEW_PERIOD_DIV_DONE
  C:0A5AH         SYMBOL        CALC_NEXT_COMM_NORMAL
  C:0A1CH         SYMBOL        CALC_NEXT_COMM_STARTUP
  C:0A3FH         SYMBOL        CALC_NEXT_COMM_STARTUP_AVERAGE
  C:0A2CH         SYMBOL        CALC_NEXT_COMM_STARTUP_NO_X
  C:09EFH         SYMBOL        CALC_NEXT_COMM_TIMING
  C:0B00H         SYMBOL        CALC_NEXT_COMM_TIMING_FAST
  B:00D8H.0       SYMBOL        CCF0
  B:00D8H.1       SYMBOL        CCF1
  B:00D8H.2       SYMBOL        CCF2
BL51 BANKED LINKER/LOCATER V6.22.2.0                                                  10/13/2019  13:05:15  PAGE 4


  B:00D8H.7       SYMBOL        CF
  C:0913H         SYMBOL        CHECK_TEMP_VOLTAGE_AND_LIMIT_POWER
  C:09BBH         SYMBOL        CHECK_VOLTAGE_EXIT
  C:099AH         SYMBOL        CHECK_VOLTAGE_GOOD
  C:09A1H         SYMBOL        CHECK_VOLTAGE_LIM
  C:09C7H         SYMBOL        CHECK_VOLTAGE_RET
  C:09ABH         SYMBOL        CHECK_VOLTAGE_SPOOLUP_LIM
  C:0976H         SYMBOL        CHECK_VOLTAGE_START
  D:008EH         SYMBOL        CKCON
  C:1195H         SYMBOL        CLEAR_RAM
  D:00A9H         SYMBOL        CLKSEL
  D:007AH         SYMBOL        CLOCK_SET_AT_48MHZ
  N:0005H         SYMBOL        CNFET
  C:0DB9H         SYMBOL        COMM12_NFET_DONE
  C:0DCEH         SYMBOL        COMM12_NFET_DONE_REV
  C:0DC0H         SYMBOL        COMM12_REV
  C:0DA8H         SYMBOL        COMM1COMM2
  C:0DFBH         SYMBOL        COMM23_DAMP_REV
  C:0DF3H         SYMBOL        COMM23_FETS_DONE
  C:0E13H         SYMBOL        COMM23_FETS_DONE_REV
  C:0E2DH         SYMBOL        COMM23_NFET_DONE
  C:0E44H         SYMBOL        COMM23_NFET_DONE_REV
  C:0DF1H         SYMBOL        COMM23_NFET_OFF
  C:0E11H         SYMBOL        COMM23_NFET_OFF_REV
  C:0E1BH         SYMBOL        COMM23_NONDAMP
  C:0E35H         SYMBOL        COMM23_NONDAMP_REV
  C:0DD5H         SYMBOL        COMM2COMM3
  C:0E5DH         SYMBOL        COMM34_NFET_DONE
  C:0E72H         SYMBOL        COMM34_NFET_DONE_REV
  C:0E64H         SYMBOL        COMM34_REV
  C:0E4CH         SYMBOL        COMM3COMM4
  C:0E9FH         SYMBOL        COMM45_DAMP_REV
  C:0E97H         SYMBOL        COMM45_FETS_DONE
  C:0EB7H         SYMBOL        COMM45_FETS_DONE_REV
  C:0ED1H         SYMBOL        COMM45_NFET_DONE
  C:0E95H         SYMBOL        COMM45_NFET_OFF
  C:0EB5H         SYMBOL        COMM45_NFET_OFF_REV
  C:0EBFH         SYMBOL        COMM45_NONDAMP
  C:0ED9H         SYMBOL        COMM45_NONDAMP_REV
  C:0E79H         SYMBOL        COMM4COMM5
  C:0F01H         SYMBOL        COMM56_NFET_DONE
  C:0F16H         SYMBOL        COMM56_NFET_DONE_REV
  C:0F08H         SYMBOL        COMM56_REV
  C:0EF0H         SYMBOL        COMM5COMM6
  C:0F43H         SYMBOL        COMM61_DAMP_REV
  C:0F3BH         SYMBOL        COMM61_FETS_DONE
  C:0F5BH         SYMBOL        COMM61_FETS_DONE_REV
  C:0F74H         SYMBOL        COMM61_NFET_DONE
  C:0F8AH         SYMBOL        COMM61_NFET_DONE_REV
  C:0F39H         SYMBOL        COMM61_NFET_OFF
  C:0F59H         SYMBOL        COMM61_NFET_OFF_REV
  C:0F62H         SYMBOL        COMM61_NONDAMP
  C:0F7BH         SYMBOL        COMM61_NONDAMP_REV
  C:0F1DH         SYMBOL        COMM6COMM1
  C:0F8FH         SYMBOL        COMM_EXIT
  D:0041H         SYMBOL        COMM_PERIOD4X_H
  D:0040H         SYMBOL        COMM_PERIOD4X_L
BL51 BANKED LINKER/LOCATER V6.22.2.0                                                  10/13/2019  13:05:15  PAGE 5


  D:0042H         SYMBOL        COMM_PHASE
  N:0001H         SYMBOL        COMM_TIME_MIN
  N:0000H         SYMBOL        COMP1_USED
  D:0043H         SYMBOL        COMPARATOR_READ_CNT
  C:0CA2H         SYMBOL        COMP_CHECK_TIMEOUT
  C:0CB3H         SYMBOL        COMP_CHECK_TIMEOUT_EXTEND_TIMEOUT
  C:0CB5H         SYMBOL        COMP_CHECK_TIMEOUT_NOT_TIMED_OUT
  C:0CAFH         SYMBOL        COMP_CHECK_TIMEOUT_TIMEOUT_EXTENDED
  N:0000H         SYMBOL        COMP_COM
  C:0D0FH         SYMBOL        COMP_READ_OK
  C:0D21H         SYMBOL        COMP_READ_OK_JMP
  C:0CC0H         SYMBOL        COMP_READ_WRONG
  C:0CD9H         SYMBOL        COMP_READ_WRONG_EXTEND_TIMEOUT
  C:0D05H         SYMBOL        COMP_READ_WRONG_LOAD_TIMEOUT
  C:0CF8H         SYMBOL        COMP_READ_WRONG_LOW_RPM
  C:0CCCH         SYMBOL        COMP_READ_WRONG_NOT_STARTUP
  C:0CECH         SYMBOL        COMP_READ_WRONG_TIMEOUT_SET
  C:0CA2H         SYMBOL        COMP_SCALE_SAMPLES
  N:0005H         SYMBOL        COMP_TIMED_OUT
  N:0004H         SYMBOL        CPFET
  D:009BH         SYMBOL        CPT0CN
  D:009DH         SYMBOL        CPT0MD
  D:009FH         SYMBOL        CPT0MX
  D:00BFH         SYMBOL        CPT1CN
  D:00ABH         SYMBOL        CPT1MD
  D:00AAH         SYMBOL        CPT1MX
  B:00D8H.6       SYMBOL        CR
  D:00D2H         SYMBOL        CRC0AUTO
  D:00CEH         SYMBOL        CRC0CN
  D:00D3H         SYMBOL        CRC0CNT
  D:00DEH         SYMBOL        CRC0DAT
  D:00CFH         SYMBOL        CRC0FLIP
  D:00DDH         SYMBOL        CRC0IN
  D:0023H         SYMBOL        CRCH
  D:0022H         SYMBOL        CRCL
  D:0071H         SYMBOL        CURRENT_AVERAGE_TEMP
  D:0024H         SYMBOL        CURRENT_PWM
  D:0025H         SYMBOL        CURRENT_PWM_LIMITED
  D:0026H         SYMBOL        CURRENT_PWM_LIM_DITH
  D:005EH         SYMBOL        CURR_RCP_PWM_FREQ
  B:00D0H.7       SYMBOL        CY
  N:0001H         SYMBOL        DAMPED_MODE_ENABLE
  D:007BH         SYMBOL        DAMPINGFET
  N:0000H         SYMBOL        DEBUGPIN
  N:0001H         SYMBOL        DEBUG_PAGE
  C:10AAH         SYMBOL        DECODE_DEMAG_DONE
  C:10A4H         SYMBOL        DECODE_DEMAG_HIGH
  C:108BH         SYMBOL        DECODE_MAIN_SPOOLUP_DONE
  C:1071H         SYMBOL        DECODE_MAIN_SPOOLUP_NONZERO
  C:1013H         SYMBOL        DECODE_PARAMETERS
  C:1028H         SYMBOL        DECODE_PARAMS_DIR_SET
  C:1044H         SYMBOL        DECODE_PWM_FREQ_END
  C:103FH         SYMBOL        DECODE_PWM_FREQ_LOW
  C:1045H         SYMBOL        DECODE_SETTINGS
  N:0000H         SYMBOL        DEFAULT_PGM_BEC_VOLTAGE_HIGH
  N:0000H         SYMBOL        DEFAULT_PGM_BRAKE_ON_STOP
  N:0001H         SYMBOL        DEFAULT_PGM_ENABLE_POWER_PROT
BL51 BANKED LINKER/LOCATER V6.22.2.0                                                  10/13/2019  13:05:15  PAGE 6


  N:0000H         SYMBOL        DEFAULT_PGM_ENABLE_PWM_INPUT
  N:0001H         SYMBOL        DEFAULT_PGM_ENABLE_TEMP_PROT
  N:0001H         SYMBOL        DEFAULT_PGM_ENABLE_TX_PROGRAM
  N:0004H         SYMBOL        DEFAULT_PGM_MAIN_BEACON_DELAY
  N:00C8H         SYMBOL        DEFAULT_PGM_MAIN_BEACON_STRENGTH
  N:0078H         SYMBOL        DEFAULT_PGM_MAIN_BEEP_STRENGTH
  N:0003H         SYMBOL        DEFAULT_PGM_MAIN_COMM_TIMING
  N:0001H         SYMBOL        DEFAULT_PGM_MAIN_DEMAG_COMP
  N:0001H         SYMBOL        DEFAULT_PGM_MAIN_DIRECTION
  N:0001H         SYMBOL        DEFAULT_PGM_MAIN_GOVERNOR_MODE
  N:0001H         SYMBOL        DEFAULT_PGM_MAIN_GOVERNOR_RANGE
  N:00B4H         SYMBOL        DEFAULT_PGM_MAIN_GOV_SETUP_TARGET
  N:0007H         SYMBOL        DEFAULT_PGM_MAIN_I_GAIN
  N:0004H         SYMBOL        DEFAULT_PGM_MAIN_LOW_VOLTAGE_LIM
  N:0002H         SYMBOL        DEFAULT_PGM_MAIN_PWM_FREQ
  N:0007H         SYMBOL        DEFAULT_PGM_MAIN_P_GAIN
  N:0001H         SYMBOL        DEFAULT_PGM_MAIN_RCP_PWM_POL
  N:0000H         SYMBOL        DEFAULT_PGM_MAIN_REARM_START
  N:000AH         SYMBOL        DEFAULT_PGM_MAIN_SPOOLUP_TIME
  N:0009H         SYMBOL        DEFAULT_PGM_MAIN_STARTUP_PWR
  N:0004H         SYMBOL        DEFAULT_PGM_MULTI_BEACON_DELAY
  N:0050H         SYMBOL        DEFAULT_PGM_MULTI_BEACON_STRENGTH
  N:0028H         SYMBOL        DEFAULT_PGM_MULTI_BEEP_STRENGTH
  N:0003H         SYMBOL        DEFAULT_PGM_MULTI_COMM_TIMING
  N:0002H         SYMBOL        DEFAULT_PGM_MULTI_DEMAG_COMP
  N:0001H         SYMBOL        DEFAULT_PGM_MULTI_DIRECTION
  N:0003H         SYMBOL        DEFAULT_PGM_MULTI_GAIN
  N:0004H         SYMBOL        DEFAULT_PGM_MULTI_GOVERNOR_MODE
  N:0009H         SYMBOL        DEFAULT_PGM_MULTI_I_GAIN
  N:0003H         SYMBOL        DEFAULT_PGM_MULTI_PWM_DITHER
  N:0003H         SYMBOL        DEFAULT_PGM_MULTI_PWM_FREQ
  N:0009H         SYMBOL        DEFAULT_PGM_MULTI_P_GAIN
  N:0001H         SYMBOL        DEFAULT_PGM_MULTI_RCP_PWM_POL
  N:0009H         SYMBOL        DEFAULT_PGM_MULTI_STARTUP_PWR
  N:007AH         SYMBOL        DEFAULT_PGM_PPM_CENTER_THROTTLE
  N:00D0H         SYMBOL        DEFAULT_PGM_PPM_MAX_THROTTLE
  N:0025H         SYMBOL        DEFAULT_PGM_PPM_MIN_THROTTLE
  N:0004H         SYMBOL        DEFAULT_PGM_TAIL_BEACON_DELAY
  N:00FAH         SYMBOL        DEFAULT_PGM_TAIL_BEACON_STRENGTH
  N:00FAH         SYMBOL        DEFAULT_PGM_TAIL_BEEP_STRENGTH
  N:0003H         SYMBOL        DEFAULT_PGM_TAIL_COMM_TIMING
  N:0001H         SYMBOL        DEFAULT_PGM_TAIL_DEMAG_COMP
  N:0001H         SYMBOL        DEFAULT_PGM_TAIL_DIRECTION
  N:0003H         SYMBOL        DEFAULT_PGM_TAIL_GAIN
  N:0004H         SYMBOL        DEFAULT_PGM_TAIL_IDLE_SPEED
  N:0003H         SYMBOL        DEFAULT_PGM_TAIL_PWM_DITHER
  N:0003H         SYMBOL        DEFAULT_PGM_TAIL_PWM_FREQ
  N:0001H         SYMBOL        DEFAULT_PGM_TAIL_RCP_PWM_POL
  N:0009H         SYMBOL        DEFAULT_PGM_TAIL_STARTUP_PWR
  N:0005H         SYMBOL        DEMAG_CUT_POWER
  N:0004H         SYMBOL        DEMAG_DETECTED
  D:0037H         SYMBOL        DEMAG_DETECTED_METRIC
  D:0038H         SYMBOL        DEMAG_PWR_OFF_THRESH
  D:00ADH         SYMBOL        DERIVID
  D:00B5H         SYMBOL        DEVICEID
  C:158AH         SYMBOL        DIRECT_START_CHECK_RCP
  N:0004H         SYMBOL        DIR_CHANGE_BRAKE
BL51 BANKED LINKER/LOCATER V6.22.2.0                                                  10/13/2019  13:05:15  PAGE 7


  C:05CFH         SYMBOL        DIV_U16_BY_U16
  C:05D7H         SYMBOL        DIV_U16_BY_U16_DIV1
  C:05E1H         SYMBOL        DIV_U16_BY_U16_DIV2
  C:05F8H         SYMBOL        DIV_U16_BY_U16_DIV3
  D:0083H         SYMBOL        DPH
  D:0082H         SYMBOL        DPL
  B:00A8H.7       SYMBOL        EA
  N:000EH         SYMBOL        EEPROM_FW_MAIN_REVISION
  N:0009H         SYMBOL        EEPROM_FW_SUB_REVISION
  N:0015H         SYMBOL        EEPROM_LAYOUT_REVISION
  C:1A28H         SYMBOL        EEP_DUMMY
  C:1A0FH         SYMBOL        EEP_ENABLE_TX_PROGRAM
  C:1A40H         SYMBOL        EEP_ESC_LAYOUT
  C:1A50H         SYMBOL        EEP_ESC_MCU
  C:1A00H         SYMBOL        EEP_FW_MAIN_REVISION
  C:1A01H         SYMBOL        EEP_FW_SUB_REVISION
  C:1A0EH         SYMBOL        EEP_INITIALIZED_H
  C:1A0DH         SYMBOL        EEP_INITIALIZED_L
  C:1A02H         SYMBOL        EEP_LAYOUT_REVISION
  C:1A10H         SYMBOL        EEP_MAIN_REARM_START
  C:1A60H         SYMBOL        EEP_NAME
  C:1A1DH         SYMBOL        EEP_PGM_BEACON_DELAY
  C:1A1CH         SYMBOL        EEP_PGM_BEACON_STRENGTH
  C:1A20H         SYMBOL        EEP_PGM_BEC_VOLTAGE_HIGH
  C:1A1BH         SYMBOL        EEP_PGM_BEEP_STRENGTH
  C:1A27H         SYMBOL        EEP_PGM_BRAKE_ON_STOP
  C:1A15H         SYMBOL        EEP_PGM_COMM_TIMING
  C:1A1FH         SYMBOL        EEP_PGM_DEMAG_COMP
  C:1A0BH         SYMBOL        EEP_PGM_DIRECTION
  C:1A24H         SYMBOL        EEP_PGM_ENABLE_POWER_PROT
  C:1A25H         SYMBOL        EEP_PGM_ENABLE_PWM_INPUT
  C:1A04H         SYMBOL        EEP_PGM_GOV_I_GAIN
  C:1A05H         SYMBOL        EEP_PGM_GOV_MODE
  C:1A03H         SYMBOL        EEP_PGM_GOV_P_GAIN
  C:1A17H         SYMBOL        EEP_PGM_GOV_RANGE
  C:1A11H         SYMBOL        EEP_PGM_GOV_SETUP_TARGET
  C:1A0CH         SYMBOL        EEP_PGM_INPUT_POL
  C:1A06H         SYMBOL        EEP_PGM_LOW_VOLTAGE_LIM
  C:1A22H         SYMBOL        EEP_PGM_MAIN_SPOOLUP_TIME
  C:1A1AH         SYMBOL        EEP_PGM_PPM_MAX_THROTTLE
  C:1A19H         SYMBOL        EEP_PGM_PPM_MIN_THROTTLE
  C:1A0AH         SYMBOL        EEP_PGM_PWM_FREQ
  C:1A09H         SYMBOL        EEP_PGM_STARTUP_PWR
  C:1A23H         SYMBOL        EEP_PGM_TEMP_PROT_ENABLE
  D:00E6H         SYMBOL        EIE1
  D:00F3H         SYMBOL        EIP1
  C:1696H         SYMBOL        ERASE_AND_STORE_ALL_IN_EEPROM
  C:16EFH         SYMBOL        ERASE_FLASH
  N:00C1H         SYMBOL        ERRORCOMMAND
  N:00C2H         SYMBOL        ERRORCRC
  N:00C5H         SYMBOL        ERRORPROG
  N:00C0H         SYMBOL        ERRORVERIFY
  B:00A8H.4       SYMBOL        ES0
  B:00A8H.6       SYMBOL        ESPI0
  B:00A8H.1       SYMBOL        ET0
  B:00A8H.3       SYMBOL        ET1
  B:00A8H.5       SYMBOL        ET2
BL51 BANKED LINKER/LOCATER V6.22.2.0                                                  10/13/2019  13:05:15  PAGE 8


  C:0D43H         SYMBOL        EVALUATE_COMPARATOR_INTEGRITY
  C:0D50H         SYMBOL        EVAL_COMP_CHECK_TIMEOUT
  C:0D60H         SYMBOL        EVAL_COMP_EXIT
  B:00A8H.0       SYMBOL        EX0
  B:00A8H.2       SYMBOL        EX1
  C:1CBAH         SYMBOL        EXIT
  B:00D0H.5       SYMBOL        F0
  B:00D0H.1       SYMBOL        F1
  C:10B9H         SYMBOL        FIND_THROTTLE_GAIN
  C:10D3H         SYMBOL        FIND_THROTTLE_GAIN_CALCULATE
  C:10CCH         SYMBOL        FIND_THROTTLE_GAIN_CHECK_FULL
  D:002CH         SYMBOL        FLAGS0
  D:002DH         SYMBOL        FLAGS1
  D:002EH         SYMBOL        FLAGS2
  D:002FH         SYMBOL        FLAGS3
  D:007CH         SYMBOL        FLASH_KEY_1
  D:007DH         SYMBOL        FLASH_KEY_2
  D:00B7H         SYMBOL        FLKEY
  D:009AH         SYMBOL        FLSCL
  N:00CDH         SYMBOL        FLYCOLOR_FAIRY_30A_MAIN
  N:00CFH         SYMBOL        FLYCOLOR_FAIRY_30A_MULTI
  N:00CEH         SYMBOL        FLYCOLOR_FAIRY_30A_TAIL
  N:00CAH         SYMBOL        FLYCOLOR_FAIRY_6A_MAIN
  N:00CCH         SYMBOL        FLYCOLOR_FAIRY_6A_MULTI
  N:00CBH         SYMBOL        FLYCOLOR_FAIRY_6A_TAIL
  N:00D0H         SYMBOL        FLYCOLOR_FAIRY_V2_30A_MAIN
  N:00D2H         SYMBOL        FLYCOLOR_FAIRY_V2_30A_MULTI
  N:00D1H         SYMBOL        FLYCOLOR_FAIRY_V2_30A_TAIL
  N:0007H         SYMBOL        FULL_THROTTLE_RANGE
  C:17DEH         SYMBOL        FUNCTION_BEEP
  C:185BH         SYMBOL        FUNCTION_NEXT
  C:17D8H         SYMBOL        FUNCTION_PARAVAL_BEEP
  C:1806H         SYMBOL        FUNC_PARAVAL
  C:1838H         SYMBOL        FUNC_PARAVAL_CONT_WAIT
  C:1827H         SYMBOL        FUNC_PARAVAL_STORE
  C:180BH         SYMBOL        FUNC_PARAVAL_WAIT
  C:1D96H         SYMBOL        GET1
  C:1DABH         SYMBOL        GET2
  C:1DCFH         SYMBOL        GET3
  C:1D91H         SYMBOL        GETC
  C:1D8DH         SYMBOL        GETW
  C:1D9BH         SYMBOL        GETX
  C:06A8H         SYMBOL        GOVERNOR_ACTIVATE
  C:0684H         SYMBOL        GOVERNOR_ACT_LIM_SET
  C:0814H         SYMBOL        GOVERNOR_APPLY_INT_CORR
  C:07BFH         SYMBOL        GOVERNOR_APPLY_PROP_CORR
  C:07FFH         SYMBOL        GOVERNOR_CHECK_INT_CORR_LIMIT_POS
  C:0753H         SYMBOL        GOVERNOR_CHECK_INT_LIMIT_POS
  C:07AAH         SYMBOL        GOVERNOR_CHECK_PROP_CORR_LIMIT_POS
  C:0719H         SYMBOL        GOVERNOR_CHECK_PROP_LIMIT_POS
  C:0769H         SYMBOL        GOVERNOR_CHECK_PWM
  C:0836H         SYMBOL        GOVERNOR_CORR_INT_MAX_PWM
  C:0827H         SYMBOL        GOVERNOR_CORR_INT_MIN_PWM
  C:082BH         SYMBOL        GOVERNOR_CORR_NEG_INT
  C:07D6H         SYMBOL        GOVERNOR_CORR_NEG_PROP
  C:07E1H         SYMBOL        GOVERNOR_CORR_PROP_MAX_PWM
  C:07D2H         SYMBOL        GOVERNOR_CORR_PROP_MIN_PWM
BL51 BANKED LINKER/LOCATER V6.22.2.0                                                  10/13/2019  13:05:15  PAGE 9


  C:068AH         SYMBOL        GOVERNOR_DEACTIVATE
  C:0696H         SYMBOL        GOVERNOR_FIRST_DEACTIVATE_DONE
  C:0779H         SYMBOL        GOVERNOR_INT_MAX_PWM
  C:0780H         SYMBOL        GOVERNOR_INT_MIN_PWM
  C:0810H         SYMBOL        GOVERNOR_LIMIT_INT_CORR_NEG
  C:080AH         SYMBOL        GOVERNOR_LIMIT_INT_CORR_POS
  C:0763H         SYMBOL        GOVERNOR_LIMIT_INT_ERROR_NEG
  C:075BH         SYMBOL        GOVERNOR_LIMIT_INT_ERROR_POS
  C:07BBH         SYMBOL        GOVERNOR_LIMIT_PROP_CORR_NEG
  C:07B5H         SYMBOL        GOVERNOR_LIMIT_PROP_CORR_POS
  C:072AH         SYMBOL        GOVERNOR_LIMIT_PROP_ERROR_NEG
  C:0724H         SYMBOL        GOVERNOR_LIMIT_PROP_ERROR_POS
  D:0023H         SYMBOL        GOVERNOR_REQ_PWM
  C:0665H         SYMBOL        GOVERNOR_SPEED_CHECK
  C:0838H         SYMBOL        GOVERNOR_STORE_INT_CORR
  C:0785H         SYMBOL        GOVERNOR_STORE_INT_ERROR
  C:07E3H         SYMBOL        GOVERNOR_STORE_PROP_CORR
  C:072EH         SYMBOL        GOVERNOR_STORE_PROP_ERROR
  C:06AAH         SYMBOL        GOVERNOR_TARGET_CALC
  N:0006H         SYMBOL        GOV_ACTIVE
  D:004CH         SYMBOL        GOV_ARM_TARGET
  C:0080H         SYMBOL        GOV_GAIN_TABLE
  D:0047H         SYMBOL        GOV_INTEGRAL_H
  D:0046H         SYMBOL        GOV_INTEGRAL_L
  D:0048H         SYMBOL        GOV_INTEGRAL_X
  D:004AH         SYMBOL        GOV_PROPORTIONAL_H
  D:0049H         SYMBOL        GOV_PROPORTIONAL_L
  D:004BH         SYMBOL        GOV_PROP_PWM
  N:0002H         SYMBOL        GOV_SPOOLRATE
  D:0045H         SYMBOL        GOV_TARGET_H
  D:0044H         SYMBOL        GOV_TARGET_L
  N:0000H         SYMBOL        HIGH_BEC_VOLTAGE
  N:0006H         SYMBOL        HIGH_RPM
  C:1C4DH         SYMBOL        ID1
  C:1C58H         SYMBOL        ID3
  C:1C63H         SYMBOL        ID4
  C:1C70H         SYMBOL        ID5
  D:00A8H         SYMBOL        IE
  B:0088H.1       SYMBOL        IE0
  B:0088H.3       SYMBOL        IE1
  C:1C7AH         SYMBOL        IN1
  C:1C00H         SYMBOL        INIT
  I:008BH         SYMBOL        INITIALIZED_H_DUMMY
  I:008AH         SYMBOL        INITIALIZED_L_DUMMY
  C:09E8H         SYMBOL        INITIALIZE_TIMING
  D:0030H         SYMBOL        INITIAL_ARM
  N:0002H         SYMBOL        INITIAL_RUN_PHASE
  C:15BDH         SYMBOL        INITIAL_RUN_PHASE_DONE
  D:0035H         SYMBOL        INITIAL_RUN_ROT_CNTD
  C:11C9H         SYMBOL        INIT_NO_SIGNAL
  C:1454H         SYMBOL        INIT_START
  C:14D8H         SYMBOL        INIT_START_BIDIR_DONE
  C:11D3H         SYMBOL        INPUT_HIGH_CHECK_1
  C:11D5H         SYMBOL        INPUT_HIGH_CHECK_2
  D:00B8H         SYMBOL        IP
  B:0088H.0       SYMBOL        IT0
  D:00E4H         SYMBOL        IT01CF
BL51 BANKED LINKER/LOCATER V6.22.2.0                                                  10/13/2019  13:05:15  PAGE 10


  B:0088H.2       SYMBOL        IT1
  C:164DH         SYMBOL        JMP_WAIT_FOR_POWER_ON
  D:006FH         SYMBOL        LIPO_ADC_LIMIT_H
  D:006EH         SYMBOL        LIPO_ADC_LIMIT_L
  C:0AFAH         SYMBOL        LOAD_MIN_TIME
  C:0B46H         SYMBOL        LOAD_MIN_TIME_FAST
  N:3FFFH         SYMBOL        LOCK_BYTE_ADDRESS_16K
  N:1FFFH         SYMBOL        LOCK_BYTE_ADDRESS_8K
  C:1143H         SYMBOL        LOCK_BYTE_OK
  C:113CH         SYMBOL        LOCK_BYTE_TEST
  D:0039H         SYMBOL        LOW_RPM_PWR_SLOPE
  C:1C84H         SYMBOL        MAI1
  C:1CA6H         SYMBOL        MAI2
  C:1CE0H         SYMBOL        MAI4
  C:1D37H         SYMBOL        MAI5
  C:1D48H         SYMBOL        MAI6
  C:1C82H         SYMBOL        MAIN
  D:006CH         SYMBOL        MAIN_SPOOLUP_TIME_10X
  D:006DH         SYMBOL        MAIN_SPOOLUP_TIME_15X
  D:006BH         SYMBOL        MAIN_SPOOLUP_TIME_3X
  B:00C0H.7       SYMBOL        MASTER0
  B:0098H.5       SYMBOL        MCE0
  N:0000H         SYMBOL        MCU_48MHZ
  C:0902H         SYMBOL        MEASURE_LIPO_ADD_LOOP
  C:08D2H         SYMBOL        MEASURE_LIPO_ADJUST
  C:0881H         SYMBOL        MEASURE_LIPO_CELLS
  C:08B7H         SYMBOL        MEASURE_LIPO_CELL_LOOP
  C:08E8H         SYMBOL        MEASURE_LIPO_DIVIDE_LOOP
  C:090EH         SYMBOL        MEASURE_LIPO_EXIT
  C:08FEH         SYMBOL        MEASURE_LIPO_LIMIT_ON
  C:090AH         SYMBOL        MEASURE_LIPO_UPDATE
  C:0891H         SYMBOL        MEASURE_LIPO_WAIT_ADC
  C:123FH         SYMBOL        MEASURE_PWM_FREQ_INIT
  C:1245H         SYMBOL        MEASURE_PWM_FREQ_LOOP
  C:1243H         SYMBOL        MEASURE_PWM_FREQ_START
  C:1250H         SYMBOL        MEASURE_PWM_FREQ_WAIT
  N:0000H         SYMBOL        MODE
  B:00F8H.5       SYMBOL        MODF
  N:0000H         SYMBOL        MOTOR_SPINNING
  N:0003H         SYMBOL        MOTOR_STARTED
  C:0607H         SYMBOL        MULT_S16_BY_U8_DIV_16
  C:063AH         SYMBOL        MULT_S16_BY_U8_DIV_LOOP
  C:0655H         SYMBOL        MULT_S16_BY_U8_EXIT
  C:0621H         SYMBOL        MULT_S16_BY_U8_POSITIVE
  N:0001H         SYMBOL        MUX_A
  N:0002H         SYMBOL        MUX_B
  N:0003H         SYMBOL        MUX_C
  D:005CH         SYMBOL        NEW_RCP
  N:0006H         SYMBOL        NFETON_DELAY
  C:1596H         SYMBOL        NORMAL_RUN_CHECKS
  C:15A7H         SYMBOL        NORMAL_RUN_CHECK_STARTUP_ROT
  B:00F8H.2       SYMBOL        NSSMD0
  B:00F8H.3       SYMBOL        NSSMD1
  N:0000H         SYMBOL        ONE_S_CAPABLE
  D:00C7H         SYMBOL        OSCICL
  D:00B1H         SYMBOL        OSCLCN
  B:00D0H.2       SYMBOL        OV
BL51 BANKED LINKER/LOCATER V6.22.2.0                                                  10/13/2019  13:05:15  PAGE 11


  B:00D0H.0       SYMBOL        P
  D:0080H         SYMBOL        P0
  D:00FEH         SYMBOL        P0MASK
  D:00FDH         SYMBOL        P0MAT
  D:00F1H         SYMBOL        P0MDIN
  D:00A4H         SYMBOL        P0MDOUT
  D:00D4H         SYMBOL        P0SKIP
  N:FFB0H         SYMBOL        P0_DIGITAL
  N:00FFH         SYMBOL        P0_INIT
  N:0000H         SYMBOL        P0_PUSHPULL
  N:00DFH         SYMBOL        P0_SKIP
  D:0090H         SYMBOL        P1
  D:00EEH         SYMBOL        P1MASK
  D:00EDH         SYMBOL        P1MAT
  D:00F2H         SYMBOL        P1MDIN
  D:00A5H         SYMBOL        P1MDOUT
  D:00D5H         SYMBOL        P1SKIP
  N:003FH         SYMBOL        P1_DIGITAL
  N:0015H         SYMBOL        P1_INIT
  N:003FH         SYMBOL        P1_PUSHPULL
  N:0000H         SYMBOL        P1_SKIP
  D:00A0H         SYMBOL        P2
  D:00A6H         SYMBOL        P2MDOUT
  N:0001H         SYMBOL        P2_PUSHPULL
  C:17ECH         SYMBOL        PARAVAL_BEEP
  C:1845H         SYMBOL        PARAVAL_NEXT
  C:1800H         SYMBOL        PARAVAL_NO_ENTRY
  D:009EH         SYMBOL        PCA0CENT
  D:009CH         SYMBOL        PCA0CLR
  D:00D8H         SYMBOL        PCA0CN
  D:00FCH         SYMBOL        PCA0CPH0
  D:00EAH         SYMBOL        PCA0CPH1
  D:00ECH         SYMBOL        PCA0CPH2
  D:00FBH         SYMBOL        PCA0CPL0
  D:00E9H         SYMBOL        PCA0CPL1
  D:00EBH         SYMBOL        PCA0CPL2
  D:00DAH         SYMBOL        PCA0CPM0
  D:00DBH         SYMBOL        PCA0CPM1
  D:00DCH         SYMBOL        PCA0CPM2
  D:00FAH         SYMBOL        PCA0H
  D:00F9H         SYMBOL        PCA0L
  D:00D9H         SYMBOL        PCA0MD
  D:0096H         SYMBOL        PCA0POL
  D:00F7H         SYMBOL        PCA0PWM
  C:02EDH         SYMBOL        PCA_INT
  C:039EH         SYMBOL        PCA_INT_CHECK_12KHZ
  C:03EBH         SYMBOL        PCA_INT_CHECK_1KHZ
  C:03DAH         SYMBOL        PCA_INT_CHECK_2KHZ
  C:03C9H         SYMBOL        PCA_INT_CHECK_4KHZ
  C:03B8H         SYMBOL        PCA_INT_CHECK_8KHZ
  C:0412H         SYMBOL        PCA_INT_CHECK_DIFF
  C:0500H         SYMBOL        PCA_INT_CHECK_LEGAL_RANGE
  C:0537H         SYMBOL        PCA_INT_EXIT
  C:032BH         SYMBOL        PCA_INT_FAIL_MINIMUM
  C:042DH         SYMBOL        PCA_INT_FALL
  C:046FH         SYMBOL        PCA_INT_FALL_CHECK_RANGE
  C:0450H         SYMBOL        PCA_INT_FALL_NOT_ONESHOT
BL51 BANKED LINKER/LOCATER V6.22.2.0                                                  10/13/2019  13:05:15  PAGE 12


  C:050BH         SYMBOL        PCA_INT_LIMITED
  C:047DH         SYMBOL        PCA_INT_PPM_BELOW_FULL_RANGE
  C:04ACH         SYMBOL        PCA_INT_PPM_CALCULATE
  C:049EH         SYMBOL        PCA_INT_PPM_CHECK_FULL_RANGE
  C:04E2H         SYMBOL        PCA_INT_PPM_LIMIT_AFTER_MULT
  C:04D1H         SYMBOL        PCA_INT_PPM_MAX_CHECKED
  C:04C2H         SYMBOL        PCA_INT_PPM_NEG_CHECKED
  C:0486H         SYMBOL        PCA_INT_PPM_OUTSIDE_RANGE
  C:052CH         SYMBOL        PCA_INT_PPM_TIMEOUT_SET
  C:04E8H         SYMBOL        PCA_INT_PWM_DIVIDE
  C:04EFH         SYMBOL        PCA_INT_PWM_DIVIDE_DONE
  C:03FCH         SYMBOL        PCA_INT_RESTORE_EDGE
  C:03FAH         SYMBOL        PCA_INT_RESTORE_EDGE_SET_MSB
  C:0354H         SYMBOL        PCA_INT_SECOND_MEAS_PWM_FREQ
  C:0523H         SYMBOL        PCA_INT_SET_TIMEOUT
  C:041FH         SYMBOL        PCA_INT_STORE_DATA
  D:0087H         SYMBOL        PCON
  N:0001H         SYMBOL        PFETON_DELAY
  I:009AH         SYMBOL        PGM_BEACON_DELAY
  I:0099H         SYMBOL        PGM_BEACON_STRENGTH
  I:009DH         SYMBOL        PGM_BEC_VOLTAGE_HIGH
  I:0098H         SYMBOL        PGM_BEEP_STRENGTH
  I:00A4H         SYMBOL        PGM_BRAKE_ON_STOP
  I:0092H         SYMBOL        PGM_COMM_TIMING
  I:009CH         SYMBOL        PGM_DEMAG_COMP
  I:0088H         SYMBOL        PGM_DIRECTION
  N:0005H         SYMBOL        PGM_DIR_REV
  I:00A1H         SYMBOL        PGM_ENABLE_POWER_PROT
  I:00A2H         SYMBOL        PGM_ENABLE_PWM_INPUT
  I:00A0H         SYMBOL        PGM_ENABLE_TEMP_PROT
  I:008CH         SYMBOL        PGM_ENABLE_TX_PROGRAM
  I:0081H         SYMBOL        PGM_GOV_I_GAIN
  I:00A6H         SYMBOL        PGM_GOV_I_GAIN_DECODED
  I:0082H         SYMBOL        PGM_GOV_MODE
  I:0080H         SYMBOL        PGM_GOV_P_GAIN
  I:00A5H         SYMBOL        PGM_GOV_P_GAIN_DECODED
  I:0094H         SYMBOL        PGM_GOV_RANGE
  I:008EH         SYMBOL        PGM_GOV_SETUP_TARGET
  I:0089H         SYMBOL        PGM_INPUT_POL
  I:0083H         SYMBOL        PGM_LOW_VOLTAGE_LIM
  I:008DH         SYMBOL        PGM_MAIN_REARM_START
  I:009FH         SYMBOL        PGM_MAIN_SPOOLUP_TIME
  I:0084H         SYMBOL        PGM_MOTOR_GAIN
  I:0085H         SYMBOL        PGM_MOTOR_IDLE
  I:009EH         SYMBOL        PGM_PPM_CENTER_THROTTLE
  I:0097H         SYMBOL        PGM_PPM_MAX_THROTTLE
  I:0096H         SYMBOL        PGM_PPM_MIN_THROTTLE
  N:0002H         SYMBOL        PGM_PWMOFF_DAMPED
  I:00A3H         SYMBOL        PGM_PWM_DITHER
  I:0087H         SYMBOL        PGM_PWM_FREQ
  N:0003H         SYMBOL        PGM_PWM_HIGH_FREQ
  N:0006H         SYMBOL        PGM_RCP_PWM_POL
  C:111EH         SYMBOL        PGM_START
  I:0086H         SYMBOL        PGM_STARTUP_PWR
  I:00A7H         SYMBOL        PGM_STARTUP_PWR_DECODED
  N:A001H         SYMBOL        POLYNOM
  N:0000H         SYMBOL        PORT3_EXIST
BL51 BANKED LINKER/LOCATER V6.22.2.0                                                  10/13/2019  13:05:15  PAGE 13


  D:0032H         SYMBOL        POWER_ON_WAIT_CNT_H
  D:0031H         SYMBOL        POWER_ON_WAIT_CNT_L
  D:0072H         SYMBOL        PPM_THROTTLE_GAIN
  D:003CH         SYMBOL        PREV_COMM_H
  D:003BH         SYMBOL        PREV_COMM_L
  D:003DH         SYMBOL        PREV_COMM_X
  D:003FH         SYMBOL        PREV_PREV_COMM_H
  D:003EH         SYMBOL        PREV_PREV_COMM_L
  D:005DH         SYMBOL        PREV_RCP_PWM_FREQ
  C:1D0BH         SYMBOL        PRO3
  C:1D17H         SYMBOL        PRO4
  C:1D1DH         SYMBOL        PRO5
  C:1D32H         SYMBOL        PRO6
  C:17F7H         SYMBOL        PROGRAM_BY_TX
  C:13AEH         SYMBOL        PROGRAM_BY_TX_CHECKED
  C:1391H         SYMBOL        PROGRAM_BY_TX_ENTRY_LIMIT
  C:12F1H         SYMBOL        PROGRAM_BY_TX_ENTRY_PWM
  C:1397H         SYMBOL        PROGRAM_BY_TX_ENTRY_STORE
  C:139EH         SYMBOL        PROGRAM_BY_TX_ENTRY_WAIT_PPM
  C:1302H         SYMBOL        PROGRAM_BY_TX_ENTRY_WAIT_PWM
  C:186CH         SYMBOL        PROGRAM_BY_TX_EXIT
  D:00F6H         SYMBOL        PRTDRV
  B:00B8H.4       SYMBOL        PS0
  D:008FH         SYMBOL        PSCTL
  B:00B8H.6       SYMBOL        PSPI0
  D:00D0H         SYMBOL        PSW
  B:00B8H.1       SYMBOL        PT0
  B:00B8H.3       SYMBOL        PT1
  B:00B8H.5       SYMBOL        PT2
  C:1D58H         SYMBOL        PUT1
  C:1D6BH         SYMBOL        PUT2
  C:1D77H         SYMBOL        PUT3
  C:1D89H         SYMBOL        PUT4
  C:1D6EH         SYMBOL        PUTC
  C:1D52H         SYMBOL        PUTP
  C:1D4AH         SYMBOL        PUTW
  C:010CH         SYMBOL        PWM_AFET
  C:012AH         SYMBOL        PWM_AFET_DAMPED
  C:0137H         SYMBOL        PWM_AFET_DAMPED_DONE
  C:0139H         SYMBOL        PWM_AFET_DAMPED_EXIT
  C:0114H         SYMBOL        PWM_AFET_EXIT
  C:0116H         SYMBOL        PWM_BFET
  C:013BH         SYMBOL        PWM_BFET_DAMPED
  C:0148H         SYMBOL        PWM_BFET_DAMPED_DONE
  C:014AH         SYMBOL        PWM_BFET_DAMPED_EXIT
  C:011EH         SYMBOL        PWM_BFET_EXIT
  C:0120H         SYMBOL        PWM_CFET
  C:014CH         SYMBOL        PWM_CFET_DAMPED
  C:0159H         SYMBOL        PWM_CFET_DAMPED_DONE
  C:015BH         SYMBOL        PWM_CFET_DAMPED_EXIT
  C:0128H         SYMBOL        PWM_CFET_EXIT
  D:0066H         SYMBOL        PWM_DITHER_DECODED
  D:0067H         SYMBOL        PWM_DITHER_EXCESS_POWER
  C:009AH         SYMBOL        PWM_DITHER_TABLE
  D:0061H         SYMBOL        PWM_LIMIT
  D:0063H         SYMBOL        PWM_LIMIT_BY_RPM
  D:0062H         SYMBOL        PWM_LIMIT_SPOOLUP
BL51 BANKED LINKER/LOCATER V6.22.2.0                                                  10/13/2019  13:05:15  PAGE 14


  D:0065H         SYMBOL        PWM_MOTOR_IDLE
  C:010AH         SYMBOL        PWM_NOFET
  N:0002H         SYMBOL        PWM_ON
  D:0064H         SYMBOL        PWM_SPOOLUP_BEG
  N:0032H         SYMBOL        PWM_START
  N:0003H         SYMBOL        PWM_TIMER0_OVERFLOW
  B:00B8H.0       SYMBOL        PX0
  B:00B8H.2       SYMBOL        PX1
  D:0068H         SYMBOL        RANDOM
  B:0098H.2       SYMBOL        RB80
  N:0006H         SYMBOL        RCP_DIR_REV
  D:0058H         SYMBOL        RCP_EDGE_H
  D:0057H         SYMBOL        RCP_EDGE_L
  N:0001H         SYMBOL        RCP_EDGE_NO
  N:0005H         SYMBOL        RCP_IN
  N:00FFH         SYMBOL        RCP_MAX
  N:0001H         SYMBOL        RCP_MEAS_PWM_FREQ
  N:0000H         SYMBOL        RCP_MIN
  D:0029H         SYMBOL        RCP_OUTSIDE_RANGE_CNT
  D:005BH         SYMBOL        RCP_PERIOD_DIFF_ACCEPTED
  N:0004H         SYMBOL        RCP_PPM
  N:0005H         SYMBOL        RCP_PPM_ONESHOT125
  D:0056H         SYMBOL        RCP_PREPREV_EDGE_H
  D:0055H         SYMBOL        RCP_PREPREV_EDGE_L
  D:0028H         SYMBOL        RCP_PREV_EDGE_H
  D:0027H         SYMBOL        RCP_PREV_EDGE_L
  D:005AH         SYMBOL        RCP_PREV_PERIOD_H
  D:0059H         SYMBOL        RCP_PREV_PERIOD_L
  N:0004H         SYMBOL        RCP_PWM_FREQ_12KHZ
  N:0000H         SYMBOL        RCP_PWM_FREQ_1KHZ
  N:0001H         SYMBOL        RCP_PWM_FREQ_2KHZ
  N:0002H         SYMBOL        RCP_PWM_FREQ_4KHZ
  N:0003H         SYMBOL        RCP_PWM_FREQ_8KHZ
  D:002BH         SYMBOL        RCP_SKIP_CNTD
  N:0020H         SYMBOL        RCP_SKIP_RATE
  N:0001H         SYMBOL        RCP_STOP
  D:005FH         SYMBOL        RCP_STOP_CNT
  N:00FAH         SYMBOL        RCP_STOP_LIMIT
  N:0040H         SYMBOL        RCP_TIMEOUT
  D:002AH         SYMBOL        RCP_TIMEOUT_CNTD
  N:000AH         SYMBOL        RCP_TIMEOUT_PPM
  N:0000H         SYMBOL        RCP_UPDATED
  N:0002H         SYMBOL        RCP_VALIDATE
  C:1D3CH         SYMBOL        RD1
  C:164FH         SYMBOL        READ_ALL_EEPROM_PARAMETERS
  C:167FH         SYMBOL        READ_EEPROM_BLOCK1
  C:168CH         SYMBOL        READ_EEPROM_BLOCK2
  C:16CFH         SYMBOL        READ_EEPROM_BYTE
  C:1695H         SYMBOL        READ_EEPROM_EXIT
  C:1678H         SYMBOL        READ_EEPROM_READ
  C:1665H         SYMBOL        READ_EEPROM_STORE_DEFAULTS
  C:148EH         SYMBOL        READ_INITIAL_TEMP
  C:171BH         SYMBOL        READ_TAG
  C:1712H         SYMBOL        READ_TAGS
  D:00D1H         SYMBOL        REF0CN
  D:00C9H         SYMBOL        REG0CN
  B:0098H.4       SYMBOL        REN0
BL51 BANKED LINKER/LOCATER V6.22.2.0                                                  10/13/2019  13:05:15  PAGE 15


  D:0022H         SYMBOL        REQUESTED_PWM
  C:19FDH         SYMBOL        RESET
  C:116CH         SYMBOL        RESET_CAL_DONE
  D:00B6H         SYMBOL        REVID
  B:0098H.0       SYMBOL        RI0
  B:00D0H.3       SYMBOL        RS0
  B:00D0H.4       SYMBOL        RS1
  C:1CC9H         SYMBOL        RST
  D:00EFH         SYMBOL        RSTSRC
  D:00F1H         SYMBOL        RTX_MDIN
  D:00A4H         SYMBOL        RTX_MDOUT
  N:0005H         SYMBOL        RTX_PIN
  D:0080H         SYMBOL        RTX_PORT
  D:00D4H         SYMBOL        RTX_SKIP
  C:14F4H         SYMBOL        RUN1
  C:1503H         SYMBOL        RUN2
  C:1521H         SYMBOL        RUN3
  C:1533H         SYMBOL        RUN4
  C:1545H         SYMBOL        RUN5
  C:1557H         SYMBOL        RUN6
  C:15F0H         SYMBOL        RUN6_BRAKE_DONE
  C:15E6H         SYMBOL        RUN6_CHECK_DIR
  C:15D0H         SYMBOL        RUN6_CHECK_RCP_STOP_COUNT
  C:1643H         SYMBOL        RUN_TO_NEXT_STATE_MAIN
  C:1600H         SYMBOL        RUN_TO_WAIT_FOR_POWER_ON
  C:163AH         SYMBOL        RUN_TO_WAIT_FOR_POWER_ON_BRAKE_DONE
  C:15F8H         SYMBOL        RUN_TO_WAIT_FOR_POWER_ON_FAIL
  C:1603H         SYMBOL        RUN_TO_WAIT_FOR_POWER_ON_STALL_DONE
  B:00F8H.4       SYMBOL        RXOVRN
  B:0098H.7       SYMBOL        S0MODE
  D:0099H         SYMBOL        SBUF0
  D:0098H         SYMBOL        SCON0
  C:1CD1H         SYMBOL        SET4
  C:1CD7H         SYMBOL        SET5
  C:1CDDH         SYMBOL        SET6
  C:1CCBH         SYMBOL        SETBUF
  C:0D25H         SYMBOL        SETUP_COMM_WAIT
  C:0C1DH         SYMBOL        SETUP_ZC_SCAN_TIMEOUT
  C:0C41H         SYMBOL        SETUP_ZC_SCAN_TIMEOUT_STARTUP_DONE
  C:10B8H         SYMBOL        SET_BEC_VOLTAGE
  C:0FA7H         SYMBOL        SET_DEFAULT_PARAMETERS
  C:086BH         SYMBOL        SET_PWM_LIMIT_HIGH_RPM
  C:087BH         SYMBOL        SET_PWM_LIMIT_HIGH_RPM_INC_LIMIT
  C:087CH         SYMBOL        SET_PWM_LIMIT_HIGH_RPM_STORE
  C:083BH         SYMBOL        SET_PWM_LIMIT_LOW_RPM
  C:0868H         SYMBOL        SET_PWM_LIMIT_LOW_RPM_EXIT
  C:09C8H         SYMBOL        SET_STARTUP_PWM
  B:00C0H.0       SYMBOL        SI0
  N:00F8H         SYMBOL        SIGNATURE_001
  N:0050H         SYMBOL        SIGNATURE_002
  N:0007H         SYMBOL        SKIP_DAMP_ON
  D:0078H         SYMBOL        SKIP_T2H_INT
  D:0077H         SYMBOL        SKIP_T2_INT
  D:00D6H         SYMBOL        SMB0ADM
  D:00D7H         SYMBOL        SMB0ADR
  D:00C1H         SYMBOL        SMB0CF
  D:00C0H         SYMBOL        SMB0CN
BL51 BANKED LINKER/LOCATER V6.22.2.0                                                  10/13/2019  13:05:15  PAGE 16


  D:00C2H         SYMBOL        SMB0DAT
  D:00ACH         SYMBOL        SMB0TC
  D:0081H         SYMBOL        SP
  D:00A1H         SYMBOL        SPI0CFG
  D:00A2H         SYMBOL        SPI0CKR
  D:00F8H         SYMBOL        SPI0CN
  D:00A3H         SYMBOL        SPI0DAT
  B:00F8H.0       SYMBOL        SPIEN
  B:00F8H.7       SYMBOL        SPIF
  D:0069H         SYMBOL        SPOOLUP_LIMIT_CNT
  D:006AH         SYMBOL        SPOOLUP_LIMIT_SKIP
  B:00C0H.5       SYMBOL        STA0
  D:0036H         SYMBOL        STALL_CNT
  D:0033H         SYMBOL        STARTUP_CNT
  N:0001H         SYMBOL        STARTUP_PHASE
  C:008DH         SYMBOL        STARTUP_POWER_TABLE
  C:09DDH         SYMBOL        STARTUP_PWM_SET_PWM
  D:0034H         SYMBOL        STARTUP_ZC_TIMEOUT_CNTD
  C:090FH         SYMBOL        START_ADC_CONVERSION
  B:00C0H.4       SYMBOL        STO0
  C:176FH         SYMBOL        STORE_IN_RAM_EXIT
  C:1738H         SYMBOL        STORE_MAIN_FUNC_1
  C:1765H         SYMBOL        STORE_MAIN_FUNC_10
  C:176AH         SYMBOL        STORE_MAIN_FUNC_11
  C:173DH         SYMBOL        STORE_MAIN_FUNC_2
  C:1742H         SYMBOL        STORE_MAIN_FUNC_3
  C:1747H         SYMBOL        STORE_MAIN_FUNC_4
  C:174CH         SYMBOL        STORE_MAIN_FUNC_5
  C:1751H         SYMBOL        STORE_MAIN_FUNC_6
  C:1756H         SYMBOL        STORE_MAIN_FUNC_7
  C:175BH         SYMBOL        STORE_MAIN_FUNC_8
  C:1760H         SYMBOL        STORE_MAIN_FUNC_9
  C:1734H         SYMBOL        STORE_NEW_VALUE_IN_RAM
  C:0BB4H         SYMBOL        STORE_TIMES_DECREASE
  C:0C05H         SYMBOL        STORE_TIMES_DECREASE_FAST
  C:0BD5H         SYMBOL        STORE_TIMES_EXIT
  C:0BA6H         SYMBOL        STORE_TIMES_INCREASE
  C:0BFDH         SYMBOL        STORE_TIMES_INCREASE_FAST
  C:0BA0H         SYMBOL        STORE_TIMES_UP_OR_DOWN
  C:0BF7H         SYMBOL        STORE_TIMES_UP_OR_DOWN_FAST
  N:0030H         SYMBOL        SUCCESS
  C:177AH         SYMBOL        SUCCESS_BEEP
  C:17A9H         SYMBOL        SUCCESS_BEEP_INVERTED
  C:0F92H         SYMBOL        SWITCH_POWER_OFF
  C:00AAH         SYMBOL        T0_INT
  C:00C7H         SYMBOL        T0_INT_PWM_OFF
  C:00E4H         SYMBOL        T0_INT_PWM_OFF_DAMPED
  C:00FAH         SYMBOL        T0_INT_PWM_OFF_DAMP_DONE
  C:00FAH         SYMBOL        T0_INT_PWM_OFF_EXIT
  C:00D7H         SYMBOL        T0_INT_PWM_OFF_EXIT_NFETS_OFF
  C:0101H         SYMBOL        T0_INT_PWM_OFF_FULLPOWER_EXIT
  C:00B9H         SYMBOL        T0_INT_PWM_ON_EXIT
  C:00C0H         SYMBOL        T0_INT_PWM_ON_RET
  C:01FCH         SYMBOL        T2H_INT
  C:02D0H         SYMBOL        T2H_INT_EXIT
  C:02C5H         SYMBOL        T2H_INT_RCP_BAILOUT_ARM
  C:023AH         SYMBOL        T2H_INT_RCP_GOV_BY_SETUP
BL51 BANKED LINKER/LOCATER V6.22.2.0                                                  10/13/2019  13:05:15  PAGE 17


  C:024DH         SYMBOL        T2H_INT_RCP_GOV_BY_TX
  C:0228H         SYMBOL        T2H_INT_RCP_GOV_PWM
  C:025CH         SYMBOL        T2H_INT_RCP_GOV_PWM_DONE
  C:025AH         SYMBOL        T2H_INT_RCP_GOV_PWM_INC
  C:02B9H         SYMBOL        T2H_INT_RCP_INC_LIMIT
  C:0289H         SYMBOL        T2H_INT_RCP_LIMIT_MIDDLE_RAMP
  C:02C3H         SYMBOL        T2H_INT_RCP_NO_LIMIT
  C:0295H         SYMBOL        T2H_INT_RCP_SET_LIMIT
  C:0217H         SYMBOL        T2H_INT_RCP_STOP
  C:020BH         SYMBOL        T2H_INT_RCP_STOP_CHECK
  B:00C8H.3       SYMBOL        T2SPLIT
  B:00C8H.0       SYMBOL        T2XCLK
  C:015DH         SYMBOL        T2_INT
  C:01E7H         SYMBOL        T2_INT_CURRENT_PWM_UPDATE
  C:01EFH         SYMBOL        T2_INT_EXIT
  C:01BAH         SYMBOL        T2_INT_PPM_TIMEOUT_SET
  C:0179H         SYMBOL        T2_INT_PULSES_ABSENT
  C:01AEH         SYMBOL        T2_INT_PULSES_ABSENT_NO_MAX
  C:01E5H         SYMBOL        T2_INT_PWM_MIN_RUN
  C:01E5H         SYMBOL        T2_INT_PWM_UPDATE
  C:01D4H         SYMBOL        T2_INT_RCP_UPDATE_START
  C:01CFH         SYMBOL        T2_INT_SKIP_END
  C:01C4H         SYMBOL        T2_INT_SKIP_START
  C:02DAH         SYMBOL        T3_INT
  N:0000H         SYMBOL        T3_PENDING
  I:00D0H         SYMBOL        TAG_TEMPORARY_STORAGE
  B:0098H.3       SYMBOL        TB80
  D:0088H         SYMBOL        TCON
  C:0946H         SYMBOL        TEMP_AVERAGE_DEC
  C:0949H         SYMBOL        TEMP_AVERAGE_INC
  C:093AH         SYMBOL        TEMP_AVERAGE_INC_DEC
  C:0950H         SYMBOL        TEMP_AVERAGE_UPDATED
  C:094EH         SYMBOL        TEMP_AVERAGE_UPDATED_LOAD_ACC
  C:0972H         SYMBOL        TEMP_CHECK_EXIT
  N:0008H         SYMBOL        TEMP_CHECK_RATE
  N:0067H         SYMBOL        TEMP_LIMIT
  N:0004H         SYMBOL        TEMP_LIMIT_STEP
  C:1292H         SYMBOL        TEST_FOR_ONESHOT
  C:10E1H         SYMBOL        TEST_THROTTLE_GAIN
  B:0088H.5       SYMBOL        TF0
  B:0088H.7       SYMBOL        TF1
  B:00C8H.4       SYMBOL        TF2CEN
  B:00C8H.7       SYMBOL        TF2H
  B:00C8H.6       SYMBOL        TF2L
  B:00C8H.5       SYMBOL        TF2LEN
  D:008CH         SYMBOL        TH0
  D:008DH         SYMBOL        TH1
  C:131DH         SYMBOL        THROTTLE_HIGH_CAL
  C:131BH         SYMBOL        THROTTLE_HIGH_CAL_START
  C:1353H         SYMBOL        THROTTLE_LOW_CAL
  C:1351H         SYMBOL        THROTTLE_LOW_CAL_START
  B:0098H.1       SYMBOL        TI0
  D:0079H         SYMBOL        TIMER0_OVERFLOW_VALUE
  D:003AH         SYMBOL        TIMER2_X
  D:008AH         SYMBOL        TL0
  D:008BH         SYMBOL        TL1
  D:0089H         SYMBOL        TMOD
BL51 BANKED LINKER/LOCATER V6.22.2.0                                                  10/13/2019  13:05:15  PAGE 18


  D:00C8H         SYMBOL        TMR2CN
  D:00CDH         SYMBOL        TMR2H
  D:00CCH         SYMBOL        TMR2L
  D:00CBH         SYMBOL        TMR2RLH
  D:00CAH         SYMBOL        TMR2RLL
  D:0091H         SYMBOL        TMR3CN
  D:0095H         SYMBOL        TMR3H
  D:0094H         SYMBOL        TMR3L
  D:0093H         SYMBOL        TMR3RLH
  D:0092H         SYMBOL        TMR3RLL
  B:0088H.4       SYMBOL        TR0
  B:0088H.6       SYMBOL        TR1
  B:00C8H.2       SYMBOL        TR2
  B:00F8H.1       SYMBOL        TXBMT
  B:00C0H.6       SYMBOL        TXMODE0
  D:0076H         SYMBOL        TX_PGM_BEEP_NO
  D:0074H         SYMBOL        TX_PGM_FUNC_NO
  C:009FH         SYMBOL        TX_PGM_PARAMS_MAIN
  D:0075H         SYMBOL        TX_PGM_PARAVAL_NO
  N:001AH         SYMBOL        UART_LOOP
  C:12A6H         SYMBOL        VALIDATE_RCP_START
  D:00FFH         SYMBOL        VDM0CN
  C:1DE1H         SYMBOL        WAIT1
  C:0559H         SYMBOL        WAIT100MS
  C:0551H         SYMBOL        WAIT10MS
  C:0549H         SYMBOL        WAIT1MS
  C:1772H         SYMBOL        WAIT1S
  C:1774H         SYMBOL        WAIT1S_LOOP
  C:055DH         SYMBOL        WAIT200MS
  C:0555H         SYMBOL        WAIT30MS
  C:054DH         SYMBOL        WAIT3MS
  C:1DDBH         SYMBOL        WAITF
  C:1DDFH         SYMBOL        WAITH
  C:0563H         SYMBOL        WAITXMS_M
  C:0561H         SYMBOL        WAITXMS_O
  C:0B4CH         SYMBOL        WAIT_ADVANCE_TIMING
  C:0C0BH         SYMBOL        WAIT_BEFORE_ZC_SCAN
  C:0C5CH         SYMBOL        WAIT_BEFORE_ZC_SCAN_EXIT
  C:0C13H         SYMBOL        WAIT_BEFORE_ZC_SCAN_RAND
  C:0C15H         SYMBOL        WAIT_BEFORE_ZC_SCAN_WAIT
  C:0D61H         SYMBOL        WAIT_FOR_COMM
  C:0D97H         SYMBOL        WAIT_FOR_COMM_WAIT
  C:0C6DH         SYMBOL        WAIT_FOR_COMP_OUT_HIGH
  C:0C5DH         SYMBOL        WAIT_FOR_COMP_OUT_LOW
  C:0C7BH         SYMBOL        WAIT_FOR_COMP_OUT_START
  C:1C48H         SYMBOL        WAIT_FOR_LOW
  C:13E6H         SYMBOL        WAIT_FOR_POWER_ON
  C:144DH         SYMBOL        WAIT_FOR_POWER_ON_CHECK_TIMEOUT
  C:13EBH         SYMBOL        WAIT_FOR_POWER_ON_LOOP
  C:1431H         SYMBOL        WAIT_FOR_POWER_ON_NO_BEEP
  C:143DH         SYMBOL        WAIT_FOR_POWER_ON_PPM_NOT_MISSING
  B:00F8H.6       SYMBOL        WCOL
  D:0097H         SYMBOL        WDTCN
  C:16B4H         SYMBOL        WRITE_EEPROM_BLOCK1
  C:16C1H         SYMBOL        WRITE_EEPROM_BLOCK2
  C:16D3H         SYMBOL        WRITE_EEPROM_BYTE
  C:16D4H         SYMBOL        WRITE_EEPROM_BYTE_FROM_ACC
BL51 BANKED LINKER/LOCATER V6.22.2.0                                                  10/13/2019  13:05:15  PAGE 19


  C:1703H         SYMBOL        WRITE_EEPROM_SIGNATURE
  C:172CH         SYMBOL        WRITE_TAG
  C:1725H         SYMBOL        WRITE_TAGS
  D:004EH         SYMBOL        WT_ADV_START_H
  D:004DH         SYMBOL        WT_ADV_START_L
  D:0054H         SYMBOL        WT_COMM_START_H
  D:0053H         SYMBOL        WT_COMM_START_L
  D:0050H         SYMBOL        WT_ZC_SCAN_START_H
  D:004FH         SYMBOL        WT_ZC_SCAN_START_L
  D:0052H         SYMBOL        WT_ZC_TOUT_START_H
  D:0051H         SYMBOL        WT_ZC_TOUT_START_L
  D:00E1H         SYMBOL        XBR0
  D:00E2H         SYMBOL        XBR1
  D:00E3H         SYMBOL        XBR2
  N:7840H         SYMBOL        XTAL
  C:1A16H         SYMBOL        _EEP_PGM_DAMPING_FORCE
  C:1A07H         SYMBOL        _EEP_PGM_MOTOR_GAIN
  C:1A08H         SYMBOL        _EEP_PGM_MOTOR_IDLE
  C:1A21H         SYMBOL        _EEP_PGM_PPM_CENTER_THROTTLE
  C:1A26H         SYMBOL        _EEP_PGM_PWM_DITHER
  C:1A13H         SYMBOL        _EEP_PGM_STARTUP_ACCEL
  C:1A18H         SYMBOL        _EEP_PGM_STARTUP_METHOD
  C:1A12H         SYMBOL        _EEP_PGM_STARTUP_RPM
  C:1A1EH         SYMBOL        _EEP_PGM_THROTTLE_RATE
  C:1A14H         SYMBOL        _EEP_PGM_VOLT_COMP
  I:0093H         SYMBOL        _PGM_DAMPING_FORCE
  I:0090H         SYMBOL        _PGM_STARTUP_ACCEL
  I:0095H         SYMBOL        _PGM_STARTUP_METHOD
  I:008FH         SYMBOL        _PGM_STARTUP_RPM
  I:009BH         SYMBOL        _PGM_THROTTLE_RATE
  I:0091H         SYMBOL        _PGM_VOLT_COMP
  C:0000H         LINE#         648
  C:000BH         LINE#         648
  C:002BH         LINE#         648
  C:005BH         LINE#         648
  C:0073H         LINE#         648
  C:00AAH         LINE#         693
  C:00ACH         LINE#         705
  C:00AEH         LINE#         706
  C:00B0H         LINE#         708
  C:00B3H         LINE#         711
  C:00B5H         LINE#         712
  C:00B7H         LINE#         714
  C:00B8H         LINE#         715
  C:00B9H         LINE#         719
  C:00BBH         LINE#         720
  C:00BCH         LINE#         722
  C:00BEH         LINE#         738
  C:00C0H         LINE#         741
  C:00C2H         LINE#         742
  C:00C4H         LINE#         743
  C:00C6H         LINE#         744
  C:00C7H         LINE#         750
  C:00CAH         LINE#         767
  C:00CCH         LINE#         769
  C:00CEH         LINE#         770
  C:00CFH         LINE#         771
BL51 BANKED LINKER/LOCATER V6.22.2.0                                                  10/13/2019  13:05:15  PAGE 20


  C:00D1H         LINE#         775
  C:00D4H         LINE#         778
  C:00D7H         LINE#         786
  C:00D9H         LINE#         787
  C:00DBH         LINE#         789
  C:00DDH         LINE#         789
  C:00DFH         LINE#         789
  C:00E1H         LINE#         791
  C:00E3H         LINE#         792
  C:00E4H         LINE#         797
  C:00E6H         LINE#         797
  C:00E8H         LINE#         797
  C:00EAH         LINE#         801
  C:00EDH         LINE#         802
  C:00F0H         LINE#         804
  C:00F2H         LINE#         805
  C:00F5H         LINE#         807
  C:00F7H         LINE#         807
  C:00F8H         LINE#         807
  C:00FAH         LINE#         821
  C:00FCH         LINE#         822
  C:00FEH         LINE#         823
  C:0100H         LINE#         824
  C:0101H         LINE#         827
  C:0104H         LINE#         832
  C:0106H         LINE#         833
  C:0108H         LINE#         834
  C:010AH         LINE#         838
  C:010CH         LINE#         841
  C:010FH         LINE#         842
  C:0112H         LINE#         843
  C:0114H         LINE#         845
  C:0116H         LINE#         848
  C:0119H         LINE#         849
  C:011CH         LINE#         850
  C:011EH         LINE#         852
  C:0120H         LINE#         855
  C:0123H         LINE#         856
  C:0126H         LINE#         857
  C:0128H         LINE#         859
  C:012AH         LINE#         863
  C:012CH         LINE#         865
  C:012FH         LINE#         866
  C:0132H         LINE#         868
  C:0134H         LINE#         869
  C:0137H         LINE#         872
  C:0139H         LINE#         874
  C:013BH         LINE#         878
  C:013DH         LINE#         880
  C:0140H         LINE#         881
  C:0143H         LINE#         883
  C:0145H         LINE#         884
  C:0148H         LINE#         887
  C:014AH         LINE#         889
  C:014CH         LINE#         893
  C:014EH         LINE#         895
  C:0151H         LINE#         896
BL51 BANKED LINKER/LOCATER V6.22.2.0                                                  10/13/2019  13:05:15  PAGE 21


  C:0154H         LINE#         898
  C:0156H         LINE#         899
  C:0159H         LINE#         902
  C:015BH         LINE#         904
  C:015DH         LINE#         915
  C:015FH         LINE#         916
  C:0161H         LINE#         917
  C:0164H         LINE#         918
  C:0166H         LINE#         919
  C:0168H         LINE#         920
  C:016AH         LINE#         921
  C:016CH         LINE#         937
  C:016EH         LINE#         939
  C:0170H         LINE#         940
  C:0172H         LINE#         943
  C:0175H         LINE#         945
  C:0177H         LINE#         946
  C:0179H         LINE#         950
  C:017BH         LINE#         951
  C:017DH         LINE#         952
  C:0180H         LINE#         954
  C:0182H         LINE#         954
  C:0185H         LINE#         954
  C:0186H         LINE#         955
  C:0189H         LINE#         956
  C:018BH         LINE#         957
  C:018EH         LINE#         957
  C:0191H         LINE#         957
  C:0194H         LINE#         957
  C:0197H         LINE#         957
  C:019AH         LINE#         958
  C:019CH         LINE#         959
  C:019EH         LINE#         960
  C:01A0H         LINE#         960
  C:01A3H         LINE#         960
  C:01A4H         LINE#         961
  C:01A7H         LINE#         962
  C:01A9H         LINE#         963
  C:01AAH         LINE#         964
  C:01ABH         LINE#         965
  C:01ACH         LINE#         966
  C:01AEH         LINE#         969
  C:01B1H         LINE#         971
  C:01B4H         LINE#         973
  C:01B7H         LINE#         975
  C:01BAH         LINE#         978
  C:01BCH         LINE#         979
  C:01BEH         LINE#         981
  C:01BFH         LINE#         982
  C:01C1H         LINE#         984
  C:01C4H         LINE#         987
  C:01C7H         LINE#         990
  C:01C9H         LINE#         991
  C:01CBH         LINE#         994
  C:01CDH         LINE#         995
  C:01CFH         LINE#         999
  C:01D2H         LINE#         1000
BL51 BANKED LINKER/LOCATER V6.22.2.0                                                  10/13/2019  13:05:15  PAGE 22


  C:01D4H         LINE#         1004
  C:01D7H         LINE#         1005
  C:01D9H         LINE#         1007
  C:01DBH         LINE#         1008
  C:01DEH         LINE#         1010
  C:01E0H         LINE#         1013
  C:01E3H         LINE#         1016
  C:01E5H         LINE#         1087
  C:01E7H         LINE#         1124
  C:01E9H         LINE#         1125
  C:01ECH         LINE#         1128
  C:01EFH         LINE#         1211
  C:01F2H         LINE#         1212
  C:01F4H         LINE#         1213
  C:01F6H         LINE#         1214
  C:01F9H         LINE#         1215
  C:01FBH         LINE#         1216
  C:01FCH         LINE#         1220
  C:01FEH         LINE#         1221
  C:0200H         LINE#         1236
  C:0202H         LINE#         1238
  C:0204H         LINE#         1239
  C:0206H         LINE#         1242
  C:0209H         LINE#         1244
  C:020BH         LINE#         1248
  C:020CH         LINE#         1249
  C:020EH         LINE#         1250
  C:0210H         LINE#         1251
  C:0212H         LINE#         1254
  C:0215H         LINE#         1255
  C:0217H         LINE#         1259
  C:021AH         LINE#         1260
  C:021DH         LINE#         1261
  C:021FH         LINE#         1262
  C:0221H         LINE#         1263
  C:0223H         LINE#         1264
  C:0225H         LINE#         1266
  C:0228H         LINE#         1271
  C:022AH         LINE#         1272
  C:022DH         LINE#         1274
  C:0230H         LINE#         1276
  C:0231H         LINE#         1277
  C:0233H         LINE#         1278
  C:0235H         LINE#         1279
  C:0237H         LINE#         1281
  C:023AH         LINE#         1284
  C:023CH         LINE#         1285
  C:023FH         LINE#         1287
  C:0242H         LINE#         1289
  C:0243H         LINE#         1290
  C:0245H         LINE#         1291
  C:0247H         LINE#         1292
  C:0249H         LINE#         1294
  C:024BH         LINE#         1295
  C:024DH         LINE#         1298
  C:024EH         LINE#         1299
  C:0250H         LINE#         1300
BL51 BANKED LINKER/LOCATER V6.22.2.0                                                  10/13/2019  13:05:15  PAGE 23


  C:0252H         LINE#         1301
  C:0254H         LINE#         1303
  C:0256H         LINE#         1305
  C:0258H         LINE#         1306
  C:025AH         LINE#         1309
  C:025CH         LINE#         1312
  C:025EH         LINE#         1314
  C:0260H         LINE#         1315
  C:0262H         LINE#         1316
  C:0264H         LINE#         1318
  C:0266H         LINE#         1320
  C:0269H         LINE#         1322
  C:026CH         LINE#         1323
  C:026EH         LINE#         1324
  C:0270H         LINE#         1325
  C:0272H         LINE#         1327
  C:0274H         LINE#         1328
  C:0275H         LINE#         1329
  C:0277H         LINE#         1330
  C:0279H         LINE#         1332
  C:027BH         LINE#         1334
  C:027CH         LINE#         1335
  C:027EH         LINE#         1336
  C:0280H         LINE#         1337
  C:0282H         LINE#         1339
  C:0284H         LINE#         1340
  C:0287H         LINE#         1341
  C:0289H         LINE#         1344
  C:028AH         LINE#         1345
  C:028CH         LINE#         1346
  C:028EH         LINE#         1347
  C:0290H         LINE#         1349
  C:0292H         LINE#         1350
  C:0295H         LINE#         1354
  C:0296H         LINE#         1355
  C:0298H         LINE#         1356
  C:029AH         LINE#         1357
  C:029CH         LINE#         1359
  C:029EH         LINE#         1360
  C:02A1H         LINE#         1361
  C:02A3H         LINE#         1363
  C:02A6H         LINE#         1365
  C:02A9H         LINE#         1366
  C:02ABH         LINE#         1367
  C:02ACH         LINE#         1368
  C:02AEH         LINE#         1370
  C:02B1H         LINE#         1372
  C:02B4H         LINE#         1373
  C:02B7H         LINE#         1378
  C:02B9H         LINE#         1381
  C:02BBH         LINE#         1382
  C:02BCH         LINE#         1383
  C:02BEH         LINE#         1385
  C:02C1H         LINE#         1386
  C:02C3H         LINE#         1389
  C:02C5H         LINE#         1391
  C:02C7H         LINE#         1392
BL51 BANKED LINKER/LOCATER V6.22.2.0                                                  10/13/2019  13:05:15  PAGE 24


  C:02C8H         LINE#         1393
  C:02CAH         LINE#         1395
  C:02CDH         LINE#         1396
  C:02D0H         LINE#         1400
  C:02D2H         LINE#         1401
  C:02D4H         LINE#         1402
  C:02D7H         LINE#         1403
  C:02D9H         LINE#         1404
  C:02DAH         LINE#         1415
  C:02DCH         LINE#         1416
  C:02DFH         LINE#         1417
  C:02E2H         LINE#         1418
  C:02E5H         LINE#         1419
  C:02E7H         LINE#         1420
  C:02EAH         LINE#         1421
  C:02ECH         LINE#         1422
  C:02EDH         LINE#         1433
  C:02EFH         LINE#         1434
  C:02F2H         LINE#         1435
  C:02F4H         LINE#         1436
  C:02F6H         LINE#         1437
  C:02F8H         LINE#         1438
  C:02FAH         LINE#         1439
  C:02FCH         LINE#         1440
  C:02FEH         LINE#         1442
  C:0300H         LINE#         1442
  C:0302H         LINE#         1444
  C:0304H         LINE#         1446
  C:0307H         LINE#         1447
  C:0309H         LINE#         1449
  C:030CH         LINE#         1449
  C:030FH         LINE#         1449
  C:0312H         LINE#         1449
  C:0315H         LINE#         1449
  C:0318H         LINE#         1450
  C:031AH         LINE#         1452
  C:031CH         LINE#         1452
  C:031FH         LINE#         1452
  C:0320H         LINE#         1454
  C:0323H         LINE#         1455
  C:0325H         LINE#         1458
  C:0327H         LINE#         1459
  C:0329H         LINE#         1460
  C:032BH         LINE#         1464
  C:032EH         LINE#         1464
  C:0331H         LINE#         1464
  C:0334H         LINE#         1464
  C:0337H         LINE#         1464
  C:033AH         LINE#         1465
  C:033CH         LINE#         1466
  C:033EH         LINE#         1467
  C:0341H         LINE#         1469
  C:0343H         LINE#         1471
  C:0345H         LINE#         1472
  C:0347H         LINE#         1472
  C:034AH         LINE#         1472
  C:034BH         LINE#         1473
BL51 BANKED LINKER/LOCATER V6.22.2.0                                                  10/13/2019  13:05:15  PAGE 25


  C:034EH         LINE#         1475
  C:0350H         LINE#         1477
  C:0352H         LINE#         1478
  C:0354H         LINE#         1482
  C:0357H         LINE#         1482
  C:035AH         LINE#         1482
  C:035DH         LINE#         1482
  C:0360H         LINE#         1482
  C:0363H         LINE#         1483
  C:0365H         LINE#         1485
  C:0368H         LINE#         1486
  C:036AH         LINE#         1489
  C:036DH         LINE#         1489
  C:0370H         LINE#         1489
  C:0373H         LINE#         1489
  C:0376H         LINE#         1489
  C:0379H         LINE#         1490
  C:037BH         LINE#         1491
  C:037DH         LINE#         1493
  C:037FH         LINE#         1494
  C:0381H         LINE#         1496
  C:0382H         LINE#         1497
  C:0383H         LINE#         1498
  C:0385H         LINE#         1499
  C:0386H         LINE#         1500
  C:0387H         LINE#         1501
  C:0389H         LINE#         1502
  C:038AH         LINE#         1503
  C:038CH         LINE#         1504
  C:038EH         LINE#         1505
  C:0390H         LINE#         1507
  C:0391H         LINE#         1508
  C:0392H         LINE#         1509
  C:0394H         LINE#         1510
  C:0395H         LINE#         1511
  C:0397H         LINE#         1512
  C:0399H         LINE#         1514
  C:039CH         LINE#         1515
  C:039EH         LINE#         1518
  C:03A0H         LINE#         1519
  C:03A2H         LINE#         1520
  C:03A3H         LINE#         1521
  C:03A5H         LINE#         1522
  C:03A7H         LINE#         1525
  C:03A8H         LINE#         1526
  C:03A9H         LINE#         1527
  C:03ABH         LINE#         1528
  C:03ACH         LINE#         1529
  C:03AEH         LINE#         1530
  C:03B0H         LINE#         1532
  C:03B1H         LINE#         1533
  C:03B3H         LINE#         1534
  C:03B4H         LINE#         1535
  C:03B6H         LINE#         1536
  C:03B8H         LINE#         1540
  C:03B9H         LINE#         1541
  C:03BAH         LINE#         1542
BL51 BANKED LINKER/LOCATER V6.22.2.0                                                  10/13/2019  13:05:15  PAGE 26


  C:03BCH         LINE#         1543
  C:03BDH         LINE#         1544
  C:03BFH         LINE#         1545
  C:03C1H         LINE#         1547
  C:03C2H         LINE#         1548
  C:03C4H         LINE#         1549
  C:03C5H         LINE#         1550
  C:03C7H         LINE#         1551
  C:03C9H         LINE#         1555
  C:03CAH         LINE#         1556
  C:03CBH         LINE#         1557
  C:03CDH         LINE#         1558
  C:03CEH         LINE#         1559
  C:03D0H         LINE#         1560
  C:03D2H         LINE#         1562
  C:03D3H         LINE#         1563
  C:03D5H         LINE#         1564
  C:03D6H         LINE#         1565
  C:03D8H         LINE#         1566
  C:03DAH         LINE#         1570
  C:03DBH         LINE#         1571
  C:03DCH         LINE#         1572
  C:03DEH         LINE#         1573
  C:03DFH         LINE#         1574
  C:03E1H         LINE#         1575
  C:03E3H         LINE#         1577
  C:03E4H         LINE#         1578
  C:03E6H         LINE#         1579
  C:03E7H         LINE#         1580
  C:03E9H         LINE#         1581
  C:03EBH         LINE#         1585
  C:03ECH         LINE#         1586
  C:03EDH         LINE#         1587
  C:03EFH         LINE#         1588
  C:03F0H         LINE#         1589
  C:03F2H         LINE#         1590
  C:03F4H         LINE#         1592
  C:03F5H         LINE#         1593
  C:03F7H         LINE#         1594
  C:03F8H         LINE#         1595
  C:03FAH         LINE#         1598
  C:03FCH         LINE#         1601
  C:03FDH         LINE#         1602
  C:03FEH         LINE#         1603
  C:0400H         LINE#         1604
  C:0401H         LINE#         1605
  C:0402H         LINE#         1606
  C:0404H         LINE#         1607
  C:0405H         LINE#         1609
  C:0408H         LINE#         1610
  C:0409H         LINE#         1611
  C:040AH         LINE#         1612
  C:040CH         LINE#         1613
  C:040DH         LINE#         1614
  C:040EH         LINE#         1615
  C:040FH         LINE#         1616
  C:0411H         LINE#         1617
BL51 BANKED LINKER/LOCATER V6.22.2.0                                                  10/13/2019  13:05:15  PAGE 27


  C:0412H         LINE#         1621
  C:0415H         LINE#         1622
  C:0416H         LINE#         1623
  C:0417H         LINE#         1624
  C:0418H         LINE#         1625
  C:0419H         LINE#         1626
  C:041AH         LINE#         1627
  C:041CH         LINE#         1629
  C:041FH         LINE#         1633
  C:0421H         LINE#         1634
  C:0423H         LINE#         1636
  C:0426H         LINE#         1637
  C:0429H         LINE#         1638
  C:042BH         LINE#         1639
  C:042DH         LINE#         1643
  C:042EH         LINE#         1644
  C:042FH         LINE#         1645
  C:0431H         LINE#         1646
  C:0432H         LINE#         1647
  C:0433H         LINE#         1648
  C:0435H         LINE#         1649
  C:0436H         LINE#         1650
  C:0439H         LINE#         1651
  C:043BH         LINE#         1653
  C:043EH         LINE#         1654
  C:0440H         LINE#         1656
  C:0443H         LINE#         1657
  C:0445H         LINE#         1659
  C:0448H         LINE#         1660
  C:044AH         LINE#         1662
  C:044BH         LINE#         1663
  C:044CH         LINE#         1664
  C:044DH         LINE#         1665
  C:044EH         LINE#         1666
  C:0450H         LINE#         1669
  C:0451H         LINE#         1670
  C:0452H         LINE#         1671
  C:0453H         LINE#         1672
  C:0454H         LINE#         1673
  C:0455H         LINE#         1674
  C:0456H         LINE#         1675
  C:0457H         LINE#         1677
  C:045AH         LINE#         1678
  C:045CH         LINE#         1680
  C:045DH         LINE#         1681
  C:045EH         LINE#         1682
  C:045FH         LINE#         1683
  C:0460H         LINE#         1684
  C:0461H         LINE#         1685
  C:0462H         LINE#         1686
  C:0463H         LINE#         1688
  C:0466H         LINE#         1689
  C:0468H         LINE#         1691
  C:0469H         LINE#         1692
  C:046AH         LINE#         1693
  C:046BH         LINE#         1694
  C:046CH         LINE#         1695
BL51 BANKED LINKER/LOCATER V6.22.2.0                                                  10/13/2019  13:05:15  PAGE 28


  C:046DH         LINE#         1696
  C:046EH         LINE#         1697
  C:046FH         LINE#         1700
  C:0472H         LINE#         1703
  C:0473H         LINE#         1704
  C:0474H         LINE#         1705
  C:0476H         LINE#         1706
  C:0477H         LINE#         1707
  C:0479H         LINE#         1708
  C:047BH         LINE#         1710
  C:047DH         LINE#         1714
  C:047EH         LINE#         1715
  C:0480H         LINE#         1717
  C:0481H         LINE#         1718
  C:0482H         LINE#         1719
  C:0484H         LINE#         1720
  C:0486H         LINE#         1723
  C:0488H         LINE#         1724
  C:048AH         LINE#         1725
  C:048CH         LINE#         1727
  C:048EH         LINE#         1729
  C:048FH         LINE#         1730
  C:0491H         LINE#         1731
  C:0493H         LINE#         1732
  C:0495H         LINE#         1733
  C:0497H         LINE#         1735
  C:049AH         LINE#         1736
  C:049CH         LINE#         1737
  C:049EH         LINE#         1741
  C:04A0H         LINE#         1742
  C:04A2H         LINE#         1744
  C:04A4H         LINE#         1752
  C:04A6H         LINE#         1753
  C:04A9H         LINE#         1755
  C:04ABH         LINE#         1761
  C:04ACH         LINE#         1764
  C:04AEH         LINE#         1765
  C:04AFH         LINE#         1766
  C:04B0H         LINE#         1767
  C:04B2H         LINE#         1768
  C:04B3H         LINE#         1770
  C:04B4H         LINE#         1771
  C:04B5H         LINE#         1772
  C:04B6H         LINE#         1773
  C:04B7H         LINE#         1774
  C:04B8H         LINE#         1775
  C:04B9H         LINE#         1776
  C:04BAH         LINE#         1797
  C:04BCH         LINE#         1814
  C:04BEH         LINE#         1815
  C:04C0H         LINE#         1816
  C:04C2H         LINE#         1842
  C:04C3H         LINE#         1843
  C:04C4H         LINE#         1844
  C:04C6H         LINE#         1845
  C:04C7H         LINE#         1846
  C:04C9H         LINE#         1847
BL51 BANKED LINKER/LOCATER V6.22.2.0                                                  10/13/2019  13:05:15  PAGE 29


  C:04CBH         LINE#         1849
  C:04CDH         LINE#         1850
  C:04CFH         LINE#         1851
  C:04D1H         LINE#         1854
  C:04D2H         LINE#         1855
  C:04D5H         LINE#         1856
  C:04D6H         LINE#         1857
  C:04D8H         LINE#         1858
  C:04DAH         LINE#         1859
  C:04DBH         LINE#         1860
  C:04DCH         LINE#         1861
  C:04DEH         LINE#         1862
  C:04E0H         LINE#         1864
  C:04E2H         LINE#         1867
  C:04E4H         LINE#         1868
  C:04E6H         LINE#         1869
  C:04E8H         LINE#         1872
  C:04E9H         LINE#         1873
  C:04EAH         LINE#         1874
  C:04EBH         LINE#         1875
  C:04ECH         LINE#         1876
  C:04EDH         LINE#         1877
  C:04EEH         LINE#         1878
  C:04EFH         LINE#         1881
  C:04F2H         LINE#         1882
  C:04F3H         LINE#         1883
  C:04F5H         LINE#         1885
  C:04F7H         LINE#         1887
  C:04F8H         LINE#         1888
  C:04F9H         LINE#         1889
  C:04FAH         LINE#         1890
  C:04FBH         LINE#         1891
  C:04FCH         LINE#         1892
  C:04FDH         LINE#         1893
  C:04FFH         LINE#         1894
  C:0500H         LINE#         1898
  C:0501H         LINE#         1899
  C:0502H         LINE#         1900
  C:0504H         LINE#         1901
  C:0505H         LINE#         1902
  C:0507H         LINE#         1903
  C:0509H         LINE#         1905
  C:050BH         LINE#         1909
  C:050DH         LINE#         1910
  C:050FH         LINE#         1911
  C:0512H         LINE#         1913
  C:0514H         LINE#         1915
  C:0516H         LINE#         1916
  C:0517H         LINE#         1917
  C:0519H         LINE#         1918
  C:051AH         LINE#         1919
  C:051CH         LINE#         1920
  C:051EH         LINE#         1921
  C:051FH         LINE#         1922
  C:0521H         LINE#         1924
  C:0523H         LINE#         1927
  C:0526H         LINE#         1928
BL51 BANKED LINKER/LOCATER V6.22.2.0                                                  10/13/2019  13:05:15  PAGE 30


  C:0529H         LINE#         1930
  C:052CH         LINE#         1933
  C:052FH         LINE#         1935
  C:0531H         LINE#         1937
  C:0534H         LINE#         1939
  C:0537H         LINE#         1942
  C:053AH         LINE#         1944
  C:053DH         LINE#         1946
  C:053FH         LINE#         1947
  C:0541H         LINE#         1948
  C:0543H         LINE#         1949
  C:0545H         LINE#         1950
  C:0548H         LINE#         1951
  C:0549H         LINE#         1964
  C:054BH         LINE#         1965
  C:054DH         LINE#         1968
  C:054FH         LINE#         1969
  C:0551H         LINE#         1972
  C:0553H         LINE#         1973
  C:0555H         LINE#         1976
  C:0557H         LINE#         1977
  C:0559H         LINE#         1980
  C:055BH         LINE#         1981
  C:055DH         LINE#         1984
  C:055FH         LINE#         1985
  C:0561H         LINE#         1988
  C:0563H         LINE#         1990
  C:0564H         LINE#         1991
  C:0567H         LINE#         1992
  C:0569H         LINE#         1993
  C:056BH         LINE#         1994
  C:056CH         LINE#         2005
  C:056EH         LINE#         2006
  C:0570H         LINE#         2007
  C:0572H         LINE#         2010
  C:0574H         LINE#         2011
  C:0576H         LINE#         2012
  C:0578H         LINE#         2015
  C:057AH         LINE#         2016
  C:057CH         LINE#         2017
  C:057EH         LINE#         2020
  C:0580H         LINE#         2021
  C:0582H         LINE#         2022
  C:0584H         LINE#         2025
  C:0586H         LINE#         2026
  C:0589H         LINE#         2027
  C:058AH         LINE#         2030
  C:058CH         LINE#         2032
  C:058DH         LINE#         2033
  C:058FH         LINE#         2034
  C:0592H         LINE#         2035
  C:0594H         LINE#         2036
  C:0597H         LINE#         2037
  C:0599H         LINE#         2038
  C:059CH         LINE#         2039
  C:059EH         LINE#         2040
  C:05A1H         LINE#         2042
[...]
  C:120CH         LINE#         5244
  C:120FH         LINE#         5244
  C:1212H         LINE#         5244
  C:1215H         LINE#         5244
  C:1218H         LINE#         5244
  C:121BH         LINE#         5245
  C:121EH         LINE#         5246
  C:1220H         LINE#         5248
  C:1223H         LINE#         5250
  C:1226H         LINE#         5252
  C:1229H         LINE#         5252
  C:122CH         LINE#         5252
  C:122FH         LINE#         5252
  C:1232H         LINE#         5252
  C:1235H         LINE#         5253
  C:1238H         LINE#         5254
  C:123AH         LINE#         5255
  C:123CH         LINE#         5256
  C:123FH         LINE#         5260
  C:1241H         LINE#         5261
  C:1243H         LINE#         5263
  C:1245H         LINE#         5266
  C:1247H         LINE#         5267
  C:1249H         LINE#         5269
  C:124BH         LINE#         5270
  C:124DH         LINE#         5271
  C:1250H         LINE#         5274
  C:1253H         LINE#         5275
  C:1256H         LINE#         5276
  C:1259H         LINE#         5278
  C:125BH         LINE#         5279
  C:125DH         LINE#         5280
  C:125EH         LINE#         5281
  C:1260H         LINE#         5282
  C:1262H         LINE#         5284
  C:1264H         LINE#         5285
  C:1266H         LINE#         5286
  C:1269H         LINE#         5287
  C:126BH         LINE#         5288
  C:126EH         LINE#         5290
  C:1270H         LINE#         5293
  C:1272H         LINE#         5295
  C:1275H         LINE#         5295
  C:1278H         LINE#         5295
  C:127BH         LINE#         5295
  C:127EH         LINE#         5295
  C:1281H         LINE#         5296
  C:1283H         LINE#         5297
  C:1285H         LINE#         5298
  C:1287H         LINE#         5299
  C:1288H         LINE#         5300
  C:128AH         LINE#         5302
  C:128CH         LINE#         5303
  C:128EH         LINE#         5304
BL51 BANKED LINKER/LOCATER V6.22.2.0                                                  10/13/2019  13:05:15  PAGE 63


  C:1290H         LINE#         5305
  C:1292H         LINE#         5309
  C:1294H         LINE#         5310
  C:1297H         LINE#         5311
  C:129AH         LINE#         5312
  C:129DH         LINE#         5314
  C:129EH         LINE#         5315
  C:12A0H         LINE#         5316
  C:12A2H         LINE#         5317
  C:12A4H         LINE#         5319
  C:12A6H         LINE#         5323
  C:12A9H         LINE#         5324
  C:12ABH         LINE#         5325
  C:12AEH         LINE#         5327
  C:12B0H         LINE#         5329
  C:12B1H         LINE#         5330
  C:12B3H         LINE#         5331
  C:12B4H         LINE#         5332
  C:12B6H         LINE#         5335
  C:12B8H         LINE#         5336
  C:12BBH         LINE#         5337
  C:12BEH         LINE#         5338
  C:12C1H         LINE#         5339
  C:12C3H         LINE#         5340
  C:12C6H         LINE#         5343
  C:12C9H         LINE#         5353
  C:12CCH         LINE#         5354
  C:12CEH         LINE#         5355
  C:12CFH         LINE#         5356
  C:12D0H         LINE#         5357
  C:12D2H         LINE#         5358
  C:12D4H         LINE#         5360
  C:12D6H         LINE#         5363
  C:12D8H         LINE#         5364
  C:12D9H         LINE#         5365
  C:12DBH         LINE#         5366
  C:12DDH         LINE#         5368
  C:12DFH         LINE#         5372
  C:12E2H         LINE#         5373
  C:12E5H         LINE#         5374
  C:12E8H         LINE#         5377
  C:12E9H         LINE#         5378
  C:12EBH         LINE#         5379
  C:12EDH         LINE#         5380
  C:12EFH         LINE#         5382
  C:12F1H         LINE#         5385
  C:12F3H         LINE#         5386
  C:12F6H         LINE#         5387
  C:12F8H         LINE#         5388
  C:12FBH         LINE#         5389
  C:12FCH         LINE#         5390
  C:12FEH         LINE#         5391
  C:1300H         LINE#         5392
  C:1302H         LINE#         5395
  C:1304H         LINE#         5396
  C:1307H         LINE#         5397
  C:130AH         LINE#         5398
BL51 BANKED LINKER/LOCATER V6.22.2.0                                                  10/13/2019  13:05:15  PAGE 64


  C:130DH         LINE#         5399
  C:130FH         LINE#         5400
  C:1312H         LINE#         5401
  C:1313H         LINE#         5402
  C:1315H         LINE#         5403
  C:1317H         LINE#         5404
  C:1319H         LINE#         5406
  C:131BH         LINE#         5411
  C:131DH         LINE#         5416
  C:131FH         LINE#         5417
  C:1321H         LINE#         5418
  C:1324H         LINE#         5419
  C:1326H         LINE#         5420
  C:1328H         LINE#         5421
  C:132AH         LINE#         5422
  C:132CH         LINE#         5423
  C:132DH         LINE#         5424
  C:132FH         LINE#         5425
  C:1331H         LINE#         5426
  C:1333H         LINE#         5427
  C:1335H         LINE#         5428
  C:1337H         LINE#         5430
  C:133AH         LINE#         5431
  C:133CH         LINE#         5432
  C:133FH         LINE#         5433
  C:1341H         LINE#         5434
  C:1343H         LINE#         5436
  C:1345H         LINE#         5437
  C:1346H         LINE#         5438
  C:1347H         LINE#         5440
  C:1349H         LINE#         5442
  C:134BH         LINE#         5443
  C:134CH         LINE#         5444
  C:134FH         LINE#         5445
  C:1351H         LINE#         5448
  C:1353H         LINE#         5450
  C:1355H         LINE#         5451
  C:1357H         LINE#         5452
  C:135AH         LINE#         5453
  C:135CH         LINE#         5454
  C:135EH         LINE#         5455
  C:1360H         LINE#         5456
  C:1362H         LINE#         5457
  C:1363H         LINE#         5458
  C:1365H         LINE#         5459
  C:1367H         LINE#         5460
  C:1369H         LINE#         5461
  C:136BH         LINE#         5463
  C:136EH         LINE#         5464
  C:1370H         LINE#         5465
  C:1373H         LINE#         5466
  C:1376H         LINE#         5467
  C:1379H         LINE#         5468
  C:137BH         LINE#         5469
  C:137DH         LINE#         5471
  C:137FH         LINE#         5472
  C:1380H         LINE#         5473
BL51 BANKED LINKER/LOCATER V6.22.2.0                                                  10/13/2019  13:05:15  PAGE 65


  C:1382H         LINE#         5474
  C:1384H         LINE#         5475
  C:1385H         LINE#         5476
  C:1386H         LINE#         5477
  C:1388H         LINE#         5478
  C:1389H         LINE#         5479
  C:138AH         LINE#         5480
  C:138CH         LINE#         5481
  C:138EH         LINE#         5483
  C:138FH         LINE#         5484
  C:1391H         LINE#         5487
  C:1392H         LINE#         5488
  C:1394H         LINE#         5489
  C:1396H         LINE#         5490
  C:1397H         LINE#         5493
  C:139AH         LINE#         5494
  C:139CH         LINE#         5495
  C:139EH         LINE#         5498
  C:13A1H         LINE#         5499
  C:13A3H         LINE#         5500
  C:13A4H         LINE#         5501
  C:13A6H         LINE#         5502
  C:13A8H         LINE#         5503
  C:13AAH         LINE#         5504
  C:13ACH         LINE#         5506
  C:13AEH         LINE#         5510
  C:13B1H         LINE#         5511
  C:13B4H         LINE#         5512
  C:13B5H         LINE#         5513
  C:13B7H         LINE#         5514
  C:13B9H         LINE#         5515
  C:13BBH         LINE#         5517
  C:13BEH         LINE#         5520
  C:13C1H         LINE#         5521
  C:13C3H         LINE#         5522
  C:13C5H         LINE#         5523
  C:13C6H         LINE#         5524
  C:13C9H         LINE#         5526
  C:13CBH         LINE#         5528
  C:13CCH         LINE#         5529
  C:13CEH         LINE#         5530
  C:13CFH         LINE#         5531
  C:13D1H         LINE#         5533
  C:13D3H         LINE#         5537
  C:13D5H         LINE#         5538
  C:13D8H         LINE#         5539
  C:13DBH         LINE#         5540
  C:13DEH         LINE#         5541
  C:13E0H         LINE#         5542
  C:13E3H         LINE#         5545
  C:13E6H         LINE#         5549
  C:13E7H         LINE#         5550
  C:13E9H         LINE#         5551
  C:13EBH         LINE#         5553
  C:13EDH         LINE#         5554
  C:13EFH         LINE#         5555
  C:13F0H         LINE#         5556
BL51 BANKED LINKER/LOCATER V6.22.2.0                                                  10/13/2019  13:05:15  PAGE 66


  C:13F2H         LINE#         5558
  C:13F4H         LINE#         5559
  C:13F6H         LINE#         5560
  C:13F7H         LINE#         5561
  C:13F9H         LINE#         5562
  C:13FAH         LINE#         5563
  C:13FCH         LINE#         5565
  C:13FEH         LINE#         5566
  C:13FFH         LINE#         5567
  C:1401H         LINE#         5569
  C:1403H         LINE#         5570
  C:1404H         LINE#         5571
  C:1406H         LINE#         5573
  C:1408H         LINE#         5574
  C:1409H         LINE#         5575
  C:140BH         LINE#         5577
  C:140EH         LINE#         5580
  C:140FH         LINE#         5581
  C:1411H         LINE#         5582
  C:1412H         LINE#         5583
  C:1414H         LINE#         5585
  C:1417H         LINE#         5586
  C:141AH         LINE#         5587
  C:141CH         LINE#         5588
  C:141FH         LINE#         5589
  C:1421H         LINE#         5590
  C:1423H         LINE#         5591
  C:1425H         LINE#         5592
  C:1428H         LINE#         5593
  C:142AH         LINE#         5594
  C:142CH         LINE#         5595
  C:142EH         LINE#         5596
  C:1431H         LINE#         5599
  C:1434H         LINE#         5600
  C:1436H         LINE#         5601
  C:1438H         LINE#         5603
  C:143BH         LINE#         5605
  C:143DH         LINE#         5608
  C:143FH         LINE#         5609
  C:1442H         LINE#         5611
  C:1444H         LINE#         5613
  C:1445H         LINE#         5614
  C:1447H         LINE#         5615
  C:1448H         LINE#         5616
  C:144AH         LINE#         5626
  C:144DH         LINE#         5629
  C:144FH         LINE#         5630
  C:1451H         LINE#         5632
  C:1454H         LINE#         5641
  C:1456H         LINE#         5642
  C:1459H         LINE#         5643
  C:145AH         LINE#         5644
  C:145CH         LINE#         5645
  C:145EH         LINE#         5646
  C:1460H         LINE#         5647
  C:1462H         LINE#         5648
  C:1464H         LINE#         5649
BL51 BANKED LINKER/LOCATER V6.22.2.0                                                  10/13/2019  13:05:15  PAGE 67


  C:1466H         LINE#         5650
  C:1468H         LINE#         5651
  C:146AH         LINE#         5652
  C:146BH         LINE#         5653
  C:146CH         LINE#         5654
  C:146DH         LINE#         5655
  C:146FH         LINE#         5656
  C:1470H         LINE#         5657
  C:1472H         LINE#         5658
  C:1474H         LINE#         5659
  C:1476H         LINE#         5660
  C:1478H         LINE#         5661
  C:147AH         LINE#         5662
  C:147CH         LINE#         5663
  C:147EH         LINE#         5664
  C:1480H         LINE#         5665
  C:1482H         LINE#         5669
  C:1485H         LINE#         5670
  C:1488H         LINE#         5671
  C:148BH         LINE#         5672
  C:148EH         LINE#         5674
  C:1491H         LINE#         5675
  C:1493H         LINE#         5675
  C:1495H         LINE#         5676
  C:1496H         LINE#         5677
  C:1498H         LINE#         5679
  C:1499H         LINE#         5681
  C:149BH         LINE#         5682
  C:149EH         LINE#         5683
  C:14A1H         LINE#         5684
  C:14A4H         LINE#         5686
  C:14A6H         LINE#         5688
  C:14A8H         LINE#         5689
  C:14ABH         LINE#         5690
  C:14AEH         LINE#         5691
  C:14B1H         LINE#         5692
  C:14B4H         LINE#         5693
  C:14B7H         LINE#         5694
  C:14B9H         LINE#         5695
  C:14BCH         LINE#         5696
  C:14BFH         LINE#         5697
  C:14C2H         LINE#         5698
  C:14C5H         LINE#         5699
  C:14C8H         LINE#         5700
  C:14CBH         LINE#         5705
  C:14CDH         LINE#         5706
  C:14CEH         LINE#         5707
  C:14D1H         LINE#         5709
  C:14D3H         LINE#         5710
  C:14D6H         LINE#         5711
  C:14D8H         LINE#         5714
  C:14DAH         LINE#         5715
  C:14DCH         LINE#         5716
  C:14DFH         LINE#         5717
  C:14E2H         LINE#         5718
  C:14E5H         LINE#         5719
  C:14E8H         LINE#         5720
BL51 BANKED LINKER/LOCATER V6.22.2.0                                                  10/13/2019  13:05:15  PAGE 68


  C:14EBH         LINE#         5721
  C:14EEH         LINE#         5722
  C:14F1H         LINE#         5723
  C:14F4H         LINE#         5736
  C:14F7H         LINE#         5739
  C:14FAH         LINE#         5740
  C:14FDH         LINE#         5741
  C:1500H         LINE#         5742
  C:1503H         LINE#         5750
  C:1506H         LINE#         5753
  C:1509H         LINE#         5754
  C:150CH         LINE#         5755
  C:150FH         LINE#         5756
  C:1512H         LINE#         5757
  C:1515H         LINE#         5758
  C:1518H         LINE#         5759
  C:151BH         LINE#         5760
  C:151EH         LINE#         5761
  C:1521H         LINE#         5769
  C:1524H         LINE#         5772
  C:1527H         LINE#         5773
  C:152AH         LINE#         5774
  C:152DH         LINE#         5775
  C:1530H         LINE#         5776
  C:1533H         LINE#         5784
  C:1536H         LINE#         5787
  C:1539H         LINE#         5788
  C:153CH         LINE#         5789
  C:153FH         LINE#         5790
  C:1542H         LINE#         5791
  C:1545H         LINE#         5799
  C:1548H         LINE#         5802
  C:154BH         LINE#         5803
  C:154EH         LINE#         5804
  C:1551H         LINE#         5805
  C:1554H         LINE#         5806
  C:1557H         LINE#         5814
  C:155AH         LINE#         5815
  C:155DH         LINE#         5818
  C:1560H         LINE#         5819
  C:1563H         LINE#         5820
  C:1566H         LINE#         5821
  C:1569H         LINE#         5827
  C:156CH         LINE#         5830
  C:156FH         LINE#         5831
  C:1572H         LINE#         5832
  C:1575H         LINE#         5833
  C:1578H         LINE#         5835
  C:157AH         LINE#         5836
  C:157CH         LINE#         5837
  C:157DH         LINE#         5838
  C:157FH         LINE#         5839
  C:1580H         LINE#         5840
  C:1582H         LINE#         5842
  C:1584H         LINE#         5843
  C:1586H         LINE#         5844
  C:1588H         LINE#         5852
BL51 BANKED LINKER/LOCATER V6.22.2.0                                                  10/13/2019  13:05:15  PAGE 69


  C:158AH         LINE#         5855
  C:158BH         LINE#         5856
  C:158DH         LINE#         5857
  C:158FH         LINE#         5858
  C:1591H         LINE#         5860
  C:1594H         LINE#         5862
  C:1596H         LINE#         5867
  C:1599H         LINE#         5868
  C:159CH         LINE#         5871
  C:159EH         LINE#         5872
  C:159FH         LINE#         5874
  C:15A1H         LINE#         5876
  C:15A3H         LINE#         5877
  C:15A5H         LINE#         5878
  C:15A7H         LINE#         5881
  C:15A9H         LINE#         5883
  C:15AAH         LINE#         5884
  C:15ACH         LINE#         5885
  C:15AEH         LINE#         5886
  C:15B0H         LINE#         5888
  C:15B3H         LINE#         5890
  C:15B5H         LINE#         5891
  C:15B6H         LINE#         5892
  C:15B7H         LINE#         5893
  C:15B9H         LINE#         5894
  C:15BBH         LINE#         5896
  C:15BDH         LINE#         5900
  C:15C0H         LINE#         5903
  C:15C1H         LINE#         5904
  C:15C3H         LINE#         5905
  C:15C5H         LINE#         5906
  C:15C7H         LINE#         5908
  C:15CAH         LINE#         5909
  C:15CDH         LINE#         5910
  C:15D0H         LINE#         5915
  C:15D2H         LINE#         5916
  C:15D4H         LINE#         5917
  C:15D5H         LINE#         5918
  C:15D7H         LINE#         5920
  C:15D9H         LINE#         5922
  C:15DAH         LINE#         5923
  C:15DCH         LINE#         5924
  C:15DDH         LINE#         5925
  C:15DFH         LINE#         5927
  C:15E2H         LINE#         5929
  C:15E4H         LINE#         5930
  C:15E6H         LINE#         5955
  C:15E8H         LINE#         5956
  C:15EBH         LINE#         5958
  C:15EEH         LINE#         5959
  C:15F0H         LINE#         5962
  C:15F1H         LINE#         5963
  C:15F3H         LINE#         5964
  C:15F4H         LINE#         5965
  C:15F6H         LINE#         5966
  C:15F8H         LINE#         5982
  C:15FAH         LINE#         5983
BL51 BANKED LINKER/LOCATER V6.22.2.0                                                  10/13/2019  13:05:15  PAGE 70


  C:15FCH         LINE#         5984
  C:15FEH         LINE#         5985
  C:1600H         LINE#         5988
  C:1603H         LINE#         5991
  C:1605H         LINE#         5992
  C:1608H         LINE#         5993
  C:160AH         LINE#         5994
  C:160BH         LINE#         5995
  C:160CH         LINE#         5996
  C:160EH         LINE#         5997
  C:1610H         LINE#         5998
  C:1612H         LINE#         5999
  C:1613H         LINE#         6000
  C:1614H         LINE#         6001
  C:1615H         LINE#         6002
  C:1617H         LINE#         6003
  C:1619H         LINE#         6004
  C:161BH         LINE#         6005
  C:161DH         LINE#         6006
  C:161FH         LINE#         6007
  C:1621H         LINE#         6008
  C:1624H         LINE#         6009
  C:1627H         LINE#         6013
  C:1629H         LINE#         6014
  C:162CH         LINE#         6015
  C:162FH         LINE#         6016
  C:1631H         LINE#         6017
  C:1632H         LINE#         6018
  C:1634H         LINE#         6020
  C:1636H         LINE#         6020
  C:1638H         LINE#         6020
  C:163AH         LINE#         6024
  C:163DH         LINE#         6026
  C:163FH         LINE#         6027
  C:1641H         LINE#         6029
  C:1643H         LINE#         6032
  C:1645H         LINE#         6033
  C:1646H         LINE#         6034
  C:1647H         LINE#         6035
  C:1649H         LINE#         6036
  C:164BH         LINE#         6038
  C:164DH         LINE#         6041
  C:19FDH         LINE#         6066
  -------         ENDMOD        BLHELI

Program Size: data=190.0 xdata=0 code=6743
LINK/LOCATE RUN COMPLETE.  0 WARNING(S),  0 ERROR(S)
